Archive member included to satisfy reference by file (symbol)

e:/embedded systems/iti/01-tools/01- imt sdk/imt_sdk_win_64/imt_sdk_win_64/winarm/armgcc/bin/../lib/gcc/arm-none-eabi/7.2.1/../../../../arm-none-eabi/lib/thumb/v7e-m\libm.a(lib_a-w_pow.o)
                              ./src/NVIC_PROGRAM.o (pow)
e:/embedded systems/iti/01-tools/01- imt sdk/imt_sdk_win_64/imt_sdk_win_64/winarm/armgcc/bin/../lib/gcc/arm-none-eabi/7.2.1/../../../../arm-none-eabi/lib/thumb/v7e-m\libm.a(lib_a-e_pow.o)
                              e:/embedded systems/iti/01-tools/01- imt sdk/imt_sdk_win_64/imt_sdk_win_64/winarm/armgcc/bin/../lib/gcc/arm-none-eabi/7.2.1/../../../../arm-none-eabi/lib/thumb/v7e-m\libm.a(lib_a-w_pow.o) (__ieee754_pow)
e:/embedded systems/iti/01-tools/01- imt sdk/imt_sdk_win_64/imt_sdk_win_64/winarm/armgcc/bin/../lib/gcc/arm-none-eabi/7.2.1/../../../../arm-none-eabi/lib/thumb/v7e-m\libm.a(lib_a-e_sqrt.o)
                              e:/embedded systems/iti/01-tools/01- imt sdk/imt_sdk_win_64/imt_sdk_win_64/winarm/armgcc/bin/../lib/gcc/arm-none-eabi/7.2.1/../../../../arm-none-eabi/lib/thumb/v7e-m\libm.a(lib_a-e_pow.o) (__ieee754_sqrt)
e:/embedded systems/iti/01-tools/01- imt sdk/imt_sdk_win_64/imt_sdk_win_64/winarm/armgcc/bin/../lib/gcc/arm-none-eabi/7.2.1/../../../../arm-none-eabi/lib/thumb/v7e-m\libm.a(lib_a-s_fabs.o)
                              e:/embedded systems/iti/01-tools/01- imt sdk/imt_sdk_win_64/imt_sdk_win_64/winarm/armgcc/bin/../lib/gcc/arm-none-eabi/7.2.1/../../../../arm-none-eabi/lib/thumb/v7e-m\libm.a(lib_a-e_pow.o) (fabs)
e:/embedded systems/iti/01-tools/01- imt sdk/imt_sdk_win_64/imt_sdk_win_64/winarm/armgcc/bin/../lib/gcc/arm-none-eabi/7.2.1/../../../../arm-none-eabi/lib/thumb/v7e-m\libm.a(lib_a-s_finite.o)
                              e:/embedded systems/iti/01-tools/01- imt sdk/imt_sdk_win_64/imt_sdk_win_64/winarm/armgcc/bin/../lib/gcc/arm-none-eabi/7.2.1/../../../../arm-none-eabi/lib/thumb/v7e-m\libm.a(lib_a-w_pow.o) (finite)
e:/embedded systems/iti/01-tools/01- imt sdk/imt_sdk_win_64/imt_sdk_win_64/winarm/armgcc/bin/../lib/gcc/arm-none-eabi/7.2.1/../../../../arm-none-eabi/lib/thumb/v7e-m\libm.a(lib_a-s_lib_ver.o)
                              e:/embedded systems/iti/01-tools/01- imt sdk/imt_sdk_win_64/imt_sdk_win_64/winarm/armgcc/bin/../lib/gcc/arm-none-eabi/7.2.1/../../../../arm-none-eabi/lib/thumb/v7e-m\libm.a(lib_a-w_pow.o) (__fdlib_version)
e:/embedded systems/iti/01-tools/01- imt sdk/imt_sdk_win_64/imt_sdk_win_64/winarm/armgcc/bin/../lib/gcc/arm-none-eabi/7.2.1/../../../../arm-none-eabi/lib/thumb/v7e-m\libm.a(lib_a-s_matherr.o)
                              e:/embedded systems/iti/01-tools/01- imt sdk/imt_sdk_win_64/imt_sdk_win_64/winarm/armgcc/bin/../lib/gcc/arm-none-eabi/7.2.1/../../../../arm-none-eabi/lib/thumb/v7e-m\libm.a(lib_a-w_pow.o) (matherr)
e:/embedded systems/iti/01-tools/01- imt sdk/imt_sdk_win_64/imt_sdk_win_64/winarm/armgcc/bin/../lib/gcc/arm-none-eabi/7.2.1/../../../../arm-none-eabi/lib/thumb/v7e-m\libm.a(lib_a-s_nan.o)
                              e:/embedded systems/iti/01-tools/01- imt sdk/imt_sdk_win_64/imt_sdk_win_64/winarm/armgcc/bin/../lib/gcc/arm-none-eabi/7.2.1/../../../../arm-none-eabi/lib/thumb/v7e-m\libm.a(lib_a-e_pow.o) (nan)
e:/embedded systems/iti/01-tools/01- imt sdk/imt_sdk_win_64/imt_sdk_win_64/winarm/armgcc/bin/../lib/gcc/arm-none-eabi/7.2.1/../../../../arm-none-eabi/lib/thumb/v7e-m\libm.a(lib_a-s_rint.o)
                              e:/embedded systems/iti/01-tools/01- imt sdk/imt_sdk_win_64/imt_sdk_win_64/winarm/armgcc/bin/../lib/gcc/arm-none-eabi/7.2.1/../../../../arm-none-eabi/lib/thumb/v7e-m\libm.a(lib_a-w_pow.o) (rint)
e:/embedded systems/iti/01-tools/01- imt sdk/imt_sdk_win_64/imt_sdk_win_64/winarm/armgcc/bin/../lib/gcc/arm-none-eabi/7.2.1/../../../../arm-none-eabi/lib/thumb/v7e-m\libm.a(lib_a-s_scalbn.o)
                              e:/embedded systems/iti/01-tools/01- imt sdk/imt_sdk_win_64/imt_sdk_win_64/winarm/armgcc/bin/../lib/gcc/arm-none-eabi/7.2.1/../../../../arm-none-eabi/lib/thumb/v7e-m\libm.a(lib_a-e_pow.o) (scalbn)
e:/embedded systems/iti/01-tools/01- imt sdk/imt_sdk_win_64/imt_sdk_win_64/winarm/armgcc/bin/../lib/gcc/arm-none-eabi/7.2.1/../../../../arm-none-eabi/lib/thumb/v7e-m\libm.a(lib_a-s_copysign.o)
                              e:/embedded systems/iti/01-tools/01- imt sdk/imt_sdk_win_64/imt_sdk_win_64/winarm/armgcc/bin/../lib/gcc/arm-none-eabi/7.2.1/../../../../arm-none-eabi/lib/thumb/v7e-m\libm.a(lib_a-s_scalbn.o) (copysign)
e:/embedded systems/iti/01-tools/01- imt sdk/imt_sdk_win_64/imt_sdk_win_64/winarm/armgcc/bin/../lib/gcc/arm-none-eabi/7.2.1/thumb/v7e-m\libgcc.a(_arm_addsubdf3.o)
                              e:/embedded systems/iti/01-tools/01- imt sdk/imt_sdk_win_64/imt_sdk_win_64/winarm/armgcc/bin/../lib/gcc/arm-none-eabi/7.2.1/../../../../arm-none-eabi/lib/thumb/v7e-m\libm.a(lib_a-e_pow.o) (__aeabi_dsub)
[...]
Memory Configuration

Name             Origin             Length             Attributes
RAM              0x20000000         0x00010000         xrw
CCMRAM           0x10000000         0x00000000         xrw
FLASH            0x08000000         0x00040000         xr
FLASHB1          0x00000000         0x00000000         xr
EXTMEMB0         0x00000000         0x00000000         xr
EXTMEMB1         0x00000000         0x00000000         xr
EXTMEMB2         0x00000000         0x00000000         xr
EXTMEMB3         0x00000000         0x00000000         xr
*default*        0x00000000         0xffffffff

Linker script and memory map

LOAD ./system/src/stm32f4-hal/stm32f4xx_hal.o
LOAD ./system/src/stm32f4-hal/stm32f4xx_hal_cortex.o
LOAD ./system/src/stm32f4-hal/stm32f4xx_hal_dfsdm.o
LOAD ./system/src/stm32f4-hal/stm32f4xx_hal_flash.o
LOAD ./system/src/stm32f4-hal/stm32f4xx_hal_gpio.o
LOAD ./system/src/stm32f4-hal/stm32f4xx_hal_iwdg.o
LOAD ./system/src/stm32f4-hal/stm32f4xx_hal_pwr.o
LOAD ./system/src/stm32f4-hal/stm32f4xx_hal_rcc.o
LOAD ./system/src/newlib/_cxx.o
LOAD ./system/src/newlib/_exit.o
LOAD ./system/src/newlib/_sbrk.o
LOAD ./system/src/newlib/_startup.o
LOAD ./system/src/newlib/_syscalls.o
LOAD ./system/src/newlib/assert.o
LOAD ./system/src/diag/Trace.o
LOAD ./system/src/diag/trace_impl.o
LOAD ./system/src/cortexm/_initialize_hardware.o
LOAD ./system/src/cortexm/_reset_hardware.o
LOAD ./system/src/cortexm/exception_handlers.o
LOAD ./system/src/cmsis/system_stm32f4xx.o
LOAD ./system/src/cmsis/vectors_stm32f401xc.o
LOAD ./src/ADC_program.o
LOAD ./src/GPIO_program.o
LOAD ./src/LCD_program.o
LOAD ./src/NVIC_PROGRAM.o
LOAD ./src/RCC_program.o
LOAD ./src/SYSTICK_program.o
LOAD ./src/Timer2_program.o
LOAD ./src/Timer5_program.o
LOAD ./src/UART_program.o
LOAD ./src/_initialize_hardware.o
LOAD ./src/_write.o
LOAD ./src/main.o
LOAD ./src/stm32f4xx_hal_msp.o
LOAD e:/embedded systems/iti/01-tools/01- imt sdk/imt_sdk_win_64/imt_sdk_win_64/winarm/armgcc/bin/../lib/gcc/arm-none-eabi/7.2.1/../../../../arm-none-eabi/lib/thumb/v7e-m\libstdc++_nano.a
LOAD e:/embedded systems/iti/01-tools/01- imt sdk/imt_sdk_win_64/imt_sdk_win_64/winarm/armgcc/bin/../lib/gcc/arm-none-eabi/7.2.1/../../../../arm-none-eabi/lib/thumb/v7e-m\libm.a
START GROUP
LOAD e:/embedded systems/iti/01-tools/01- imt sdk/imt_sdk_win_64/imt_sdk_win_64/winarm/armgcc/bin/../lib/gcc/arm-none-eabi/7.2.1/thumb/v7e-m\libgcc.a
LOAD e:/embedded systems/iti/01-tools/01- imt sdk/imt_sdk_win_64/imt_sdk_win_64/winarm/armgcc/bin/../lib/gcc/arm-none-eabi/7.2.1/../../../../arm-none-eabi/lib/thumb/v7e-m\libg_nano.a
LOAD e:/embedded systems/iti/01-tools/01- imt sdk/imt_sdk_win_64/imt_sdk_win_64/winarm/armgcc/bin/../lib/gcc/arm-none-eabi/7.2.1/../../../../arm-none-eabi/lib/thumb/v7e-m\libc_nano.a
END GROUP
START GROUP
LOAD e:/embedded systems/iti/01-tools/01- imt sdk/imt_sdk_win_64/imt_sdk_win_64/winarm/armgcc/bin/../lib/gcc/arm-none-eabi/7.2.1/thumb/v7e-m\libgcc.a
LOAD e:/embedded systems/iti/01-tools/01- imt sdk/imt_sdk_win_64/imt_sdk_win_64/winarm/armgcc/bin/../lib/gcc/arm-none-eabi/7.2.1/../../../../arm-none-eabi/lib/thumb/v7e-m\libc_nano.a
END GROUP
                0x20010000                __stack = (ORIGIN (RAM) + LENGTH (RAM))
                0x20010000                _estack = __stack
                0x00000400                __Main_Stack_Size = 0x400
                [!provide]                PROVIDE (_Main_Stack_Size, __Main_Stack_Size)
                0x2000fc00                __Main_Stack_Limit = (__stack - __Main_Stack_Size)
                [!provide]                PROVIDE (_Main_Stack_Limit, __Main_Stack_Limit)
                0x00000100                _Minimum_Stack_Size = 0x100
                0x2000012c                PROVIDE (_Heap_Begin, _end_noinit)
                0x2000fc00                PROVIDE (_Heap_Limit, (__stack - __Main_Stack_Size))

.isr_vector     0x08000000      0x3f4
 FILL mask 0xff
                0x08000000                __vectors_start = ABSOLUTE (.)
                0x08000000                __vectors_start__ = ABSOLUTE (.)
 *(.isr_vector)
 .isr_vector    0x08000000      0x194 ./system/src/cmsis/vectors_stm32f401xc.o
                0x08000000                __isr_vectors
 *(.cfmconfig)
 *(.after_vectors .after_vectors.*)
 .after_vectors
                0x08000194      0x130 ./system/src/newlib/_startup.o
                0x08000194                _start
 .after_vectors
                0x080002c4      0x12c ./system/src/cortexm/exception_handlers.o
                0x080002c4                Reset_Handler
                0x080002ca                NMI_Handler
                0x080002ce                HardFault_Handler
                0x080002e2                HardFault_Handler_C
                0x08000340                MemManage_Handler
                0x08000344                BusFault_Handler
                0x08000358                BusFault_Handler_C
                0x0800038c                UsageFault_Handler
                0x080003a0                UsageFault_Handler_C
                0x080003d4                SVC_Handler
                0x080003d8                DebugMon_Handler
                0x080003dc                PendSV_Handler
                0x080003e0                SysTick_Handler
 .after_vectors
                0x080003f0        0x4 ./system/src/cmsis/vectors_stm32f401xc.o
                0x080003f0                RTC_Alarm_IRQHandler
                0x080003f0                EXTI2_IRQHandler
                0x080003f0                SPI4_IRQHandler
                0x080003f0                TIM1_CC_IRQHandler
                0x080003f0                DMA2_Stream5_IRQHandler
                0x080003f0                DMA1_Stream5_IRQHandler
                0x080003f0                PVD_IRQHandler
                0x080003f0                SDIO_IRQHandler
                0x080003f0                TAMP_STAMP_IRQHandler
                0x080003f0                EXTI3_IRQHandler
                0x080003f0                TIM1_UP_TIM10_IRQHandler
                0x080003f0                I2C3_ER_IRQHandler
                0x080003f0                EXTI0_IRQHandler
                0x080003f0                I2C2_EV_IRQHandler
                0x080003f0                DMA1_Stream2_IRQHandler
                0x080003f0                FPU_IRQHandler
                0x080003f0                DMA2_Stream2_IRQHandler
                0x080003f0                SPI1_IRQHandler
                0x080003f0                TIM1_BRK_TIM9_IRQHandler
                0x080003f0                DMA2_Stream3_IRQHandler
                0x080003f0                USART6_IRQHandler
                0x080003f0                DMA2_Stream0_IRQHandler
                0x080003f0                TIM4_IRQHandler
                0x080003f0                I2C1_EV_IRQHandler
                0x080003f0                DMA1_Stream6_IRQHandler
                0x080003f0                DMA1_Stream1_IRQHandler
                0x080003f0                TIM3_IRQHandler
                0x080003f0                RCC_IRQHandler
                0x080003f0                Default_Handler
                0x080003f0                EXTI15_10_IRQHandler
                0x080003f0                DMA1_Stream7_IRQHandler
                0x080003f0                DMA2_Stream7_IRQHandler
                0x080003f0                I2C3_EV_IRQHandler
                0x080003f0                EXTI9_5_IRQHandler
                0x080003f0                RTC_WKUP_IRQHandler
                0x080003f0                SPI2_IRQHandler
                0x080003f0                DMA1_Stream0_IRQHandler
                0x080003f0                EXTI4_IRQHandler
                0x080003f0                WWDG_IRQHandler
                0x080003f0                OTG_FS_WKUP_IRQHandler
                0x080003f0                TIM1_TRG_COM_TIM11_IRQHandler
                0x080003f0                EXTI1_IRQHandler
                0x080003f0                USART2_IRQHandler
                0x080003f0                I2C2_ER_IRQHandler
                0x080003f0                DMA2_Stream1_IRQHandler
                0x080003f0                FLASH_IRQHandler
                0x080003f0                DMA2_Stream4_IRQHandler
                0x080003f0                USART1_IRQHandler
                0x080003f0                OTG_FS_IRQHandler
                0x080003f0                SPI3_IRQHandler
                0x080003f0                DMA1_Stream4_IRQHandler
                0x080003f0                I2C1_ER_IRQHandler
                0x080003f0                DMA2_Stream6_IRQHandler
                0x080003f0                DMA1_Stream3_IRQHandler

.inits          0x080003f4       0x28
                0x080003f4                __data_regions_array_start = .
                0x080003f4        0x4 LONG 0x8003658 LOADADDR (.data)
                0x080003f8        0x4 LONG 0x20000000 ADDR (.data)
                0x080003fc        0x4 LONG 0x20000078 (ADDR (.data) + SIZEOF (.data))
                0x08000400        0x4 LONG 0x8003658 LOADADDR (.data_CCMRAM)
                0x08000404        0x4 LONG 0x10000000 ADDR (.data_CCMRAM)
                0x08000408        0x4 LONG 0x10000000 (ADDR (.data_CCMRAM) + SIZEOF (.data_CCMRAM))
                0x0800040c                __data_regions_array_end = .
                0x0800040c                __bss_regions_array_start = .
                0x0800040c        0x4 LONG 0x20000078 ADDR (.bss)
                0x08000410        0x4 LONG 0x2000012c (ADDR (.bss) + SIZEOF (.bss))
                0x08000414        0x4 LONG 0x10000000 ADDR (.bss_CCMRAM)
                0x08000418        0x4 LONG 0x10000000 (ADDR (.bss_CCMRAM) + SIZEOF (.bss_CCMRAM))
                0x0800041c                __bss_regions_array_end = .
 *(.init)
 *(.fini)
                0x0800041c                . = ALIGN (0x4)
                0x0800041c                PROVIDE (__preinit_array_start, .)
 *(.preinit_array_sysinit .preinit_array_sysinit.*)
 *(.preinit_array_platform .preinit_array_platform.*)
 *(.preinit_array .preinit_array.*)
                0x0800041c                PROVIDE (__preinit_array_end, .)
                0x0800041c                . = ALIGN (0x4)
                0x0800041c                PROVIDE (__init_array_start, .)
 *(SORT_BY_NAME(.init_array.*))
 *(.init_array)
                0x0800041c                PROVIDE (__init_array_end, .)
                0x0800041c                . = ALIGN (0x4)
                0x0800041c                PROVIDE (__fini_array_start, .)
 *(SORT_BY_NAME(.fini_array.*))
 *(.fini_array)
                0x0800041c                PROVIDE (__fini_array_end, .)

.flashtext
 *(.flashtext .flashtext.*)

.text           0x08000420     0x3237
 *(.text .text.*)
 .text.HAL_InitTick
                0x08000420       0x2c ./system/src/stm32f4-hal/stm32f4xx_hal.o
                0x08000420                HAL_InitTick
 .text.HAL_Init
                0x0800044c       0x34 ./system/src/stm32f4-hal/stm32f4xx_hal.o
                0x0800044c                HAL_Init
 .text.HAL_GetTick
                0x08000480        0xc ./system/src/stm32f4-hal/stm32f4xx_hal.o
                0x08000480                HAL_GetTick
 .text.HAL_NVIC_SetPriorityGrouping
                0x0800048c       0x3c ./system/src/stm32f4-hal/stm32f4xx_hal_cortex.o
                0x0800048c                HAL_NVIC_SetPriorityGrouping
 .text.HAL_NVIC_SetPriority
                0x080004c8       0x8c ./system/src/stm32f4-hal/stm32f4xx_hal_cortex.o
                0x080004c8                HAL_NVIC_SetPriority
 .text.HAL_SYSTICK_Config
                0x08000554       0x2c ./system/src/stm32f4-hal/stm32f4xx_hal_cortex.o
                0x08000554                HAL_SYSTICK_Config
 .text.HAL_SYSTICK_CLKSourceConfig
                0x08000580       0x3c ./system/src/stm32f4-hal/stm32f4xx_hal_cortex.o
                0x08000580                HAL_SYSTICK_CLKSourceConfig
 .text.HAL_RCC_OscConfig
                0x080005bc      0x43c ./system/src/stm32f4-hal/stm32f4xx_hal_rcc.o
                0x080005bc                HAL_RCC_OscConfig
 .text.HAL_RCC_GetSysClockFreq
                0x080009f8       0x94 ./system/src/stm32f4-hal/stm32f4xx_hal_rcc.o
                0x080009f8                HAL_RCC_GetSysClockFreq
 .text.HAL_RCC_ClockConfig
                0x08000a8c      0x258 ./system/src/stm32f4-hal/stm32f4xx_hal_rcc.o
                0x08000a8c                HAL_RCC_ClockConfig
 .text.HAL_RCC_GetHCLKFreq
                0x08000ce4        0xc ./system/src/stm32f4-hal/stm32f4xx_hal_rcc.o
                0x08000ce4                HAL_RCC_GetHCLKFreq
 .text._exit    0x08000cf0        0x2 ./system/src/newlib/_exit.o
                0x08000cf0                _exit
 *fill*         0x08000cf2        0x2 
 .text.abort    0x08000cf4       0x14 ./system/src/newlib/_exit.o
                0x08000cf4                abort
 .text._sbrk    0x08000d08       0x44 ./system/src/newlib/_sbrk.o
                0x08000d08                _sbrk
 .text.__initialize_args
                0x08000d4c       0x10 ./system/src/newlib/_syscalls.o
                0x08000d4c                __initialize_args
 .text.assert_failed
                0x08000d5c       0x14 ./system/src/newlib/assert.o
                0x08000d5c                assert_failed
 .text.trace_printf
                0x08000d70       0x30 ./system/src/diag/Trace.o
                0x08000d70                trace_printf
 .text.trace_puts
                0x08000da0       0x20 ./system/src/diag/Trace.o
                0x08000da0                trace_puts
 .text._trace_write_semihosting_debug
                0x08000dc0       0x60 ./system/src/diag/trace_impl.o
 .text.trace_write
                0x08000e20        0x8 ./system/src/diag/trace_impl.o
                0x08000e20                trace_write
 .text.__initialize_hardware_early
                0x08000e28       0x18 ./system/src/cortexm/_initialize_hardware.o
                0x08000e28                __initialize_hardware_early
 .text.dumpExceptionStack
                0x08000e40       0xf4 ./system/src/cortexm/exception_handlers.o
                0x08000e40                dumpExceptionStack
 .text.isSemihosting
                0x08000f34       0x20 ./system/src/cortexm/exception_handlers.o
                0x08000f34                isSemihosting
 .text.SystemInit
                0x08000f54       0x40 ./system/src/cmsis/system_stm32f4xx.o
                0x08000f54                SystemInit
 .text.SystemCoreClockUpdate
                0x08000f94       0xa0 ./system/src/cmsis/system_stm32f4xx.o
                0x08000f94                SystemCoreClockUpdate
 .text.ADC_voidInit
                0x08001034       0x64 ./src/ADC_program.o
                0x08001034                ADC_voidInit
 .text.ADC_voidStartConversion
                0x08001098       0x10 ./src/ADC_program.o
                0x08001098                ADC_voidStartConversion
 .text.ADC_u16GetReading
                0x080010a8        0xc ./src/ADC_program.o
                0x080010a8                ADC_u16GetReading
 .text.ADCCallback
                0x080010b4        0xc ./src/ADC_program.o
                0x080010b4                ADCCallback
 .text.ADC_IRQHandler
                0x080010c0       0x20 ./src/ADC_program.o
                0x080010c0                ADC_IRQHandler
 .text.MGPIO_enuSetPinDirectionMode
                0x080010e0       0xa4 ./src/GPIO_program.o
                0x080010e0                MGPIO_enuSetPinDirectionMode
 .text.MGPIO_enuSetOutputType
                0x08001184       0x98 ./src/GPIO_program.o
                0x08001184                MGPIO_enuSetOutputType
 .text.MGPIO_enuSetOutputSpeed
                0x0800121c       0xa4 ./src/GPIO_program.o
                0x0800121c                MGPIO_enuSetOutputSpeed
 .text.MGPIO_enuSetPinPullingMode
                0x080012c0       0xa4 ./src/GPIO_program.o
                0x080012c0                MGPIO_enuSetPinPullingMode
 .text.MGPIO_enuSetPinValue
                0x08001364       0x98 ./src/GPIO_program.o
                0x08001364                MGPIO_enuSetPinValue
 .text.MGPIO_enuTogglePinValue
                0x080013fc       0x6c ./src/GPIO_program.o
                0x080013fc                MGPIO_enuTogglePinValue
 .text.MGPIO_enuSelectAlternateFunctionPin
                0x08001468      0x114 ./src/GPIO_program.o
                0x08001468                MGPIO_enuSelectAlternateFunctionPin
 .text.HLCD_voidSendHalfDataPort
                0x0800157c       0x38 ./src/LCD_program.o
 .text.HLCD_voidSendEnablePulse
                0x080015b4       0x24 ./src/LCD_program.o
 .text.HLCD_enuSetAllDirection
                0x080015d8       0xd8 ./src/LCD_program.o
                0x080015d8                HLCD_enuSetAllDirection
 .text.HLCD_enuWriteCommand
                0x080016b0       0x30 ./src/LCD_program.o
                0x080016b0                HLCD_enuWriteCommand
 .text.HLCD_voidClear
                0x080016e0       0x16 ./src/LCD_program.o
                0x080016e0                HLCD_voidClear
 *fill*         0x080016f6        0x2 
 .text.HLCD_enuInit
                0x080016f8       0x48 ./src/LCD_program.o
                0x080016f8                HLCD_enuInit
 .text.HLCD_enuWriteData
                0x08001740       0x30 ./src/LCD_program.o
                0x08001740                HLCD_enuWriteData
 .text.HLCD_enuWriteString
                0x08001770       0x22 ./src/LCD_program.o
                0x08001770                HLCD_enuWriteString
 *fill*         0x08001792        0x2 
 .text.HLCD_enuWriteIntegerNumber
                0x08001794       0x68 ./src/LCD_program.o
                0x08001794                HLCD_enuWriteIntegerNumber
 .text.HLCD_enuGoToXYPosition
                0x080017fc       0x1e ./src/LCD_program.o
                0x080017fc                HLCD_enuGoToXYPosition
 *fill*         0x0800181a        0x2 
 .text.NVIC_voidinit
                0x0800181c       0x18 ./src/NVIC_PROGRAM.o
                0x0800181c                NVIC_voidinit
 .text.NVIC_enumenable_interrupt
                0x08001834       0x2c ./src/NVIC_PROGRAM.o
                0x08001834                NVIC_enumenable_interrupt
 .text.MRCC_voidInit
                0x08001860       0x44 ./src/RCC_program.o
                0x08001860                MRCC_voidInit
 .text.MRCC_enuEnablePeripheral
                0x080018a4       0x5c ./src/RCC_program.o
                0x080018a4                MRCC_enuEnablePeripheral
 .text.MSYSTICK_enuInit
                0x08001900       0x18 ./src/SYSTICK_program.o
                0x08001900                MSYSTICK_enuInit
 .text.MSYSTICK_voidLoadValue
                0x08001918       0x18 ./src/SYSTICK_program.o
                0x08001918                MSYSTICK_voidLoadValue
 .text.MSYSTICK_u8ReadFlag
                0x08001930       0x10 ./src/SYSTICK_program.o
                0x08001930                MSYSTICK_u8ReadFlag
 .text.MSYSTICK_voidDelayMsec
                0x08001940       0x2c ./src/SYSTICK_program.o
                0x08001940                MSYSTICK_voidDelayMsec
 .text.Timer2_voidInit
                0x0800196c       0x92 ./src/Timer2_program.o
                0x0800196c                Timer2_voidInit
 .text.Timer2_voidEnableCounter
                0x080019fe        0xe ./src/Timer2_program.o
                0x080019fe                Timer2_voidEnableCounter
 .text.UpdateEventCallback
                0x08001a0c        0xc ./src/Timer2_program.o
                0x08001a0c                UpdateEventCallback
 .text.TIM2_IRQHandler
                0x08001a18       0x1c ./src/Timer2_program.o
                0x08001a18                TIM2_IRQHandler
 .text.Timer5_voidInit
                0x08001a34       0x94 ./src/Timer5_program.o
                0x08001a34                Timer5_voidInit
 .text.Timer5_voidEnableCounter
                0x08001ac8       0x10 ./src/Timer5_program.o
                0x08001ac8                Timer5_voidEnableCounter
 .text.Timer5_voidDisableCounter
                0x08001ad8       0x10 ./src/Timer5_program.o
                0x08001ad8                Timer5_voidDisableCounter
 .text.Timer5_u32CaptureValue
                0x08001ae8        0xc ./src/Timer5_program.o
                0x08001ae8                Timer5_u32CaptureValue
 .text.ICUCallback
                0x08001af4        0xc ./src/Timer5_program.o
                0x08001af4                ICUCallback
 .text.TIM5_IRQHandler
                0x08001b00       0x20 ./src/Timer5_program.o
                0x08001b00                TIM5_IRQHandler
 .text.MUART_voidInit
                0x08001b20       0x54 ./src/UART_program.o
                0x08001b20                MUART_voidInit
 .text.MUART_voidSendCharacter
                0x08001b74       0x14 ./src/UART_program.o
                0x08001b74                MUART_voidSendCharacter
 .text.SystemClock_Config
                0x08001b88       0x98 ./src/_initialize_hardware.o
                0x08001b88                SystemClock_Config
 .text.__initialize_hardware
                0x08001c20       0x10 ./src/_initialize_hardware.o
                0x08001c20                __initialize_hardware
 .text.ISR_Icu  0x08001c30       0x90 ./src/main.o
                0x08001c30                ISR_Icu
 .text.ISR_ADC  0x08001cc0       0x10 ./src/main.o
                0x08001cc0                ISR_ADC
 .text.ISR_UPEV
                0x08001cd0        0xc ./src/main.o
                0x08001cd0                ISR_UPEV
 .text.main     0x08001cdc      0x35c ./src/main.o
                0x08001cdc                main
 .text.HAL_MspInit
                0x08002038        0x2 ./src/stm32f4xx_hal_msp.o
                0x08002038                HAL_MspInit
 *fill*         0x0800203a        0x2 
 .text          0x0800203c      0x378 e:/embedded systems/iti/01-tools/01- imt sdk/imt_sdk_win_64/imt_sdk_win_64/winarm/armgcc/bin/../lib/gcc/arm-none-eabi/7.2.1/thumb/v7e-m\libgcc.a(_arm_addsubdf3.o)
                0x0800203c                __aeabi_drsub
                0x08002044                __aeabi_dsub
                0x08002044                __subdf3
                0x08002048                __aeabi_dadd
                0x08002048                __adddf3
                0x080022c0                __floatunsidf
                0x080022c0                __aeabi_ui2d
                0x080022e0                __floatsidf
                0x080022e0                __aeabi_i2d
                0x08002304                __aeabi_f2d
                0x08002304                __extendsfdf2
                0x08002348                __floatundidf
                0x08002348                __aeabi_ul2d
                0x08002358                __floatdidf
                0x08002358                __aeabi_l2d
 .text          0x080023b4      0x424 e:/embedded systems/iti/01-tools/01- imt sdk/imt_sdk_win_64/imt_sdk_win_64/winarm/armgcc/bin/../lib/gcc/arm-none-eabi/7.2.1/thumb/v7e-m\libgcc.a(_arm_muldivdf3.o)
                0x080023b4                __aeabi_dmul
                0x080023b4                __muldf3
                0x08002608                __divdf3
                0x08002608                __aeabi_ddiv
 .text          0x080027d8       0x40 e:/embedded systems/iti/01-tools/01- imt sdk/imt_sdk_win_64/imt_sdk_win_64/winarm/armgcc/bin/../lib/gcc/arm-none-eabi/7.2.1/thumb/v7e-m\libgcc.a(_arm_fixunsdfsi.o)
                0x080027d8                __aeabi_d2uiz
                0x080027d8                __fixunsdfsi
 .text          0x08002818      0x2a0 e:/embedded systems/iti/01-tools/01- imt sdk/imt_sdk_win_64/imt_sdk_win_64/winarm/armgcc/bin/../lib/gcc/arm-none-eabi/7.2.1/thumb/v7e-m\libgcc.a(_arm_muldivsf3.o)
                0x08002818                __mulsf3
                0x08002818                __aeabi_fmul
                0x08002980                __aeabi_fdiv
                0x08002980                __divsf3
 .text          0x08002ab8       0x40 e:/embedded systems/iti/01-tools/01- imt sdk/imt_sdk_win_64/imt_sdk_win_64/winarm/armgcc/bin/../lib/gcc/arm-none-eabi/7.2.1/thumb/v7e-m\libgcc.a(_arm_fixunssfsi.o)
                0x08002ab8                __fixunssfsi
                0x08002ab8                __aeabi_f2uiz
 .text.__errno  0x08002af8        0xc e:/embedded systems/iti/01-tools/01- imt sdk/imt_sdk_win_64/imt_sdk_win_64/winarm/armgcc/bin/../lib/gcc/arm-none-eabi/7.2.1/../../../../arm-none-eabi/lib/thumb/v7e-m\libg_nano.a(lib_a-errno.o)
                0x08002af8                __errno
 .text          0x08002b04       0x10 e:/embedded systems/iti/01-tools/01- imt sdk/imt_sdk_win_64/imt_sdk_win_64/winarm/armgcc/bin/../lib/gcc/arm-none-eabi/7.2.1/../../../../arm-none-eabi/lib/thumb/v7e-m\libg_nano.a(lib_a-strlen.o)
                0x08002b04                strlen
 .text._vsnprintf_r
                0x08002b14       0x58 e:/embedded systems/iti/01-tools/01- imt sdk/imt_sdk_win_64/imt_sdk_win_64/winarm/armgcc/bin/../lib/gcc/arm-none-eabi/7.2.1/../../../../arm-none-eabi/lib/thumb/v7e-m\libg_nano.a(lib_a-vsnprintf.o)
                0x08002b14                _vsniprintf_r
                0x08002b14                _vsnprintf_r
 .text.vsnprintf
                0x08002b6c       0x1c e:/embedded systems/iti/01-tools/01- imt sdk/imt_sdk_win_64/imt_sdk_win_64/winarm/armgcc/bin/../lib/gcc/arm-none-eabi/7.2.1/../../../../arm-none-eabi/lib/thumb/v7e-m\libg_nano.a(lib_a-vsnprintf.o)
                0x08002b6c                vsniprintf
                0x08002b6c                vsnprintf
 .text.__ssputs_r
                0x08002b88       0xb4 e:/embedded systems/iti/01-tools/01- imt sdk/imt_sdk_win_64/imt_sdk_win_64/winarm/armgcc/bin/../lib/gcc/arm-none-eabi/7.2.1/../../../../arm-none-eabi/lib/thumb/v7e-m\libg_nano.a(lib_a-nano-svfprintf.o)
                0x08002b88                __ssputs_r
 .text._svfprintf_r
                0x08002c3c      0x1ec e:/embedded systems/iti/01-tools/01- imt sdk/imt_sdk_win_64/imt_sdk_win_64/winarm/armgcc/bin/../lib/gcc/arm-none-eabi/7.2.1/../../../../arm-none-eabi/lib/thumb/v7e-m\libg_nano.a(lib_a-nano-svfprintf.o)
                0x08002c3c                _svfiprintf_r
                0x08002c3c                _svfprintf_r
 .text._printf_common
                0x08002e28       0xea e:/embedded systems/iti/01-tools/01- imt sdk/imt_sdk_win_64/imt_sdk_win_64/winarm/armgcc/bin/../lib/gcc/arm-none-eabi/7.2.1/../../../../arm-none-eabi/lib/thumb/v7e-m\libg_nano.a(lib_a-nano-vfprintf_i.o)
                0x08002e28                _printf_common
 *fill*         0x08002f12        0x2 
 .text._printf_i
                0x08002f14      0x224 e:/embedded systems/iti/01-tools/01- imt sdk/imt_sdk_win_64/imt_sdk_win_64/winarm/armgcc/bin/../lib/gcc/arm-none-eabi/7.2.1/../../../../arm-none-eabi/lib/thumb/v7e-m\libg_nano.a(lib_a-nano-vfprintf_i.o)
                0x08002f14                _printf_i
 *fill*         0x08003138        0x8 
 .text          0x08003140       0xa0 e:/embedded systems/iti/01-tools/01- imt sdk/imt_sdk_win_64/imt_sdk_win_64/winarm/armgcc/bin/../lib/gcc/arm-none-eabi/7.2.1/../../../../arm-none-eabi/lib/thumb/v7e-m\libg_nano.a(lib_a-memchr.o)
                0x08003140                memchr
 .text.memcpy   0x080031e0       0x16 e:/embedded systems/iti/01-tools/01- imt sdk/imt_sdk_win_64/imt_sdk_win_64/winarm/armgcc/bin/../lib/gcc/arm-none-eabi/7.2.1/../../../../arm-none-eabi/lib/thumb/v7e-m\libg_nano.a(lib_a-memcpy-stub.o)
                0x080031e0                memcpy
 .text.memmove  0x080031f6       0x32 e:/embedded systems/iti/01-tools/01- imt sdk/imt_sdk_win_64/imt_sdk_win_64/winarm/armgcc/bin/../lib/gcc/arm-none-eabi/7.2.1/../../../../arm-none-eabi/lib/thumb/v7e-m\libg_nano.a(lib_a-memmove.o)
                0x080031f6                memmove
 .text._free_r  0x08003228       0x9c e:/embedded systems/iti/01-tools/01- imt sdk/imt_sdk_win_64/imt_sdk_win_64/winarm/armgcc/bin/../lib/gcc/arm-none-eabi/7.2.1/../../../../arm-none-eabi/lib/thumb/v7e-m\libg_nano.a(lib_a-nano-freer.o)
                0x08003228                _free_r
 .text._malloc_r
                0x080032c4       0xb4 e:/embedded systems/iti/01-tools/01- imt sdk/imt_sdk_win_64/imt_sdk_win_64/winarm/armgcc/bin/../lib/gcc/arm-none-eabi/7.2.1/../../../../arm-none-eabi/lib/thumb/v7e-m\libg_nano.a(lib_a-nano-mallocr.o)
                0x080032c4                _malloc_r
 .text._realloc_r
                0x08003378       0x4c e:/embedded systems/iti/01-tools/01- imt sdk/imt_sdk_win_64/imt_sdk_win_64/winarm/armgcc/bin/../lib/gcc/arm-none-eabi/7.2.1/../../../../arm-none-eabi/lib/thumb/v7e-m\libg_nano.a(lib_a-nano-reallocr.o)
                0x08003378                _realloc_r
 .text._sbrk_r  0x080033c4       0x20 e:/embedded systems/iti/01-tools/01- imt sdk/imt_sdk_win_64/imt_sdk_win_64/winarm/armgcc/bin/../lib/gcc/arm-none-eabi/7.2.1/../../../../arm-none-eabi/lib/thumb/v7e-m\libg_nano.a(lib_a-sbrkr.o)
                0x080033c4                _sbrk_r
 .text.__malloc_lock
                0x080033e4        0x2 e:/embedded systems/iti/01-tools/01- imt sdk/imt_sdk_win_64/imt_sdk_win_64/winarm/armgcc/bin/../lib/gcc/arm-none-eabi/7.2.1/../../../../arm-none-eabi/lib/thumb/v7e-m\libg_nano.a(lib_a-mlock.o)
                0x080033e4                __malloc_lock
 .text.__malloc_unlock
                0x080033e6        0x2 e:/embedded systems/iti/01-tools/01- imt sdk/imt_sdk_win_64/imt_sdk_win_64/winarm/armgcc/bin/../lib/gcc/arm-none-eabi/7.2.1/../../../../arm-none-eabi/lib/thumb/v7e-m\libg_nano.a(lib_a-mlock.o)
                0x080033e6                __malloc_unlock
 .text._malloc_usable_size_r
                0x080033e8       0x10 e:/embedded systems/iti/01-tools/01- imt sdk/imt_sdk_win_64/imt_sdk_win_64/winarm/armgcc/bin/../lib/gcc/arm-none-eabi/7.2.1/../../../../arm-none-eabi/lib/thumb/v7e-m\libg_nano.a(lib_a-nano-msizer.o)
                0x080033e8                _malloc_usable_size_r
 *(.rodata .rodata.* .constdata .constdata.*)
 .rodata.HAL_NVIC_SetPriorityGrouping.str1.4
                0x080033f8       0x31 ./system/src/stm32f4-hal/stm32f4xx_hal_cortex.o
 *fill*         0x08003429        0x3 
 .rodata.APBAHBPrescTable
                0x0800342c       0x10 ./system/src/stm32f4-hal/stm32f4xx_hal_rcc.o
                0x0800342c                APBAHBPrescTable
 .rodata.HAL_RCC_OscConfig.str1.4
                0x0800343c       0x2e ./system/src/stm32f4-hal/stm32f4xx_hal_rcc.o
 *fill*         0x0800346a        0x2 
 .rodata.abort.str1.4
                0x0800346c       0x14 ./system/src/newlib/_exit.o
 .rodata.assert_failed.str1.4
                0x08003480       0x2b ./system/src/newlib/assert.o
 .rodata.trace_puts.str1.4
                0x080034ab       0x2b ./system/src/diag/Trace.o
                                  0x2 (size before relaxing)
 *fill*         0x080034ab        0x1 
 .rodata.dumpExceptionStack.str1.4
                0x080034ac      0x11a ./system/src/cortexm/exception_handlers.o
 *fill*         0x080035c6        0x2 
 .rodata.str1.4
                0x080035c8       0x2a ./system/src/cortexm/exception_handlers.o
 *fill*         0x080035f2        0x2 
 .rodata.AHBPrescTable
                0x080035f4       0x10 ./system/src/cmsis/system_stm32f4xx.o
                0x080035f4                AHBPrescTable
 .rodata        0x08003604        0x4 ./src/LCD_program.o
 .rodata.main.str1.4
                0x08003608       0x1c ./src/main.o
                                 0x1b (size before relaxing)
 .rodata._svfprintf_r.str1.1
                0x08003624       0x11 e:/embedded systems/iti/01-tools/01- imt sdk/imt_sdk_win_64/imt_sdk_win_64/winarm/armgcc/bin/../lib/gcc/arm-none-eabi/7.2.1/../../../../arm-none-eabi/lib/thumb/v7e-m\libg_nano.a(lib_a-nano-svfprintf.o)
 .rodata._printf_i.str1.1
                0x08003635       0x22 e:/embedded systems/iti/01-tools/01- imt sdk/imt_sdk_win_64/imt_sdk_win_64/winarm/armgcc/bin/../lib/gcc/arm-none-eabi/7.2.1/../../../../arm-none-eabi/lib/thumb/v7e-m\libg_nano.a(lib_a-nano-vfprintf_i.o)
 *(vtable)
 *(.eh_frame*)
 *(.glue_7)
 .glue_7        0x08003657        0x0 linker stubs
 *(.glue_7t)
 .glue_7t       0x08003657        0x0 linker stubs

.vfp11_veneer   0x08003658        0x0
 .vfp11_veneer  0x08003658        0x0 linker stubs

.v4_bx          0x08003658        0x0
 .v4_bx         0x08003658        0x0 linker stubs

.iplt           0x08003658        0x0
 .iplt          0x08003658        0x0 ./system/src/stm32f4-hal/stm32f4xx_hal.o

.rel.dyn        0x08003658        0x0
 .rel.iplt      0x08003658        0x0 ./system/src/stm32f4-hal/stm32f4xx_hal.o

.ARM.extab
 *(.ARM.extab* .gnu.linkonce.armextab.*)
                0x08003658                . = ALIGN (0x4)
                0x08003658                __exidx_start = .

.ARM.exidx
 *(.ARM.exidx* .gnu.linkonce.armexidx.*)
                0x08003658                __exidx_end = .
                0x08003658                . = ALIGN (0x4)
                0x08003658                _etext = .
                0x08003658                __etext = .

.data_CCMRAM    0x10000000        0x0 load address 0x08003658
 FILL mask 0xff
 *(.data.CCMRAM .data.CCMRAM.*)
                0x10000000                . = ALIGN (0x4)
                0x08003658                _sidata = LOADADDR (.data)

.data           0x20000000       0x78 load address 0x08003658
 FILL mask 0xff
                0x20000000                _sdata = .
                0x20000000                __data_start__ = .
 *(.data_begin .data_begin.*)
 .data_begin    0x20000000        0x4 ./system/src/newlib/_startup.o
 *(.data .data.*)
 .data.argv.4310
                0x20000004        0x8 ./system/src/newlib/_syscalls.o
 .data.SystemCoreClock
                0x2000000c        0x4 ./system/src/cmsis/system_stm32f4xx.o
                0x2000000c                SystemCoreClock
 .data._impure_ptr
                0x20000010        0x4 e:/embedded systems/iti/01-tools/01- imt sdk/imt_sdk_win_64/imt_sdk_win_64/winarm/armgcc/bin/../lib/gcc/arm-none-eabi/7.2.1/../../../../arm-none-eabi/lib/thumb/v7e-m\libg_nano.a(lib_a-impure.o)
                0x20000010                _impure_ptr
 .data.impure_data
                0x20000014       0x60 e:/embedded systems/iti/01-tools/01- imt sdk/imt_sdk_win_64/imt_sdk_win_64/winarm/armgcc/bin/../lib/gcc/arm-none-eabi/7.2.1/../../../../arm-none-eabi/lib/thumb/v7e-m\libg_nano.a(lib_a-impure.o)
 *(.data_end .data_end.*)
 .data_end      0x20000074        0x4 ./system/src/newlib/_startup.o
                0x20000078                . = ALIGN (0x4)
                0x20000078                _edata = .
                0x20000078                __data_end__ = .

.igot.plt       0x20000078        0x0 load address 0x080036d0
 .igot.plt      0x20000078        0x0 ./system/src/stm32f4-hal/stm32f4xx_hal.o

.bss_CCMRAM     0x10000000        0x0
 *(.bss.CCMRAM .bss.CCMRAM.*)

.bss            0x20000078       0xb4
                0x20000078                __bss_start__ = .
                0x20000078                _sbss = .
 *(.bss_begin .bss_begin.*)
 .bss_begin     0x20000078        0x4 ./system/src/newlib/_startup.o
 *(.bss .bss.*)
 .bss.current_heap_end.3961
                0x2000007c        0x4 ./system/src/newlib/_sbrk.o
 .bss.name.4309
                0x20000080        0x1 ./system/src/newlib/_syscalls.o
 *fill*         0x20000081        0x3 
 .bss.buf.5205  0x20000084       0x80 ./system/src/diag/Trace.o
 .bss.ptr2      0x20000104        0x4 ./src/ADC_program.o
                0x20000104                ptr2
 .bss.ptr3      0x20000108        0x4 ./src/Timer2_program.o
                0x20000108                ptr3
 .bss.ptr1      0x2000010c        0x4 ./src/Timer5_program.o
                0x2000010c                ptr1
 .bss.Global_16ReadingValue
                0x20000110        0x2 ./src/main.o
                0x20000110                Global_16ReadingValue
 .bss.Global_u16FirstValue
                0x20000112        0x2 ./src/main.o
                0x20000112                Global_u16FirstValue
 .bss.Global_u8Counter
                0x20000114        0x1 ./src/main.o
                0x20000114                Global_u8Counter
 .bss.Global_u8Distance
                0x20000115        0x1 ./src/main.o
                0x20000115                Global_u8Distance
 *fill*         0x20000116        0x2 
 .bss.__malloc_free_list
                0x20000118        0x4 e:/embedded systems/iti/01-tools/01- imt sdk/imt_sdk_win_64/imt_sdk_win_64/winarm/armgcc/bin/../lib/gcc/arm-none-eabi/7.2.1/../../../../arm-none-eabi/lib/thumb/v7e-m\libg_nano.a(lib_a-nano-mallocr.o)
                0x20000118                __malloc_free_list
 .bss.__malloc_sbrk_start
                0x2000011c        0x4 e:/embedded systems/iti/01-tools/01- imt sdk/imt_sdk_win_64/imt_sdk_win_64/winarm/armgcc/bin/../lib/gcc/arm-none-eabi/7.2.1/../../../../arm-none-eabi/lib/thumb/v7e-m\libg_nano.a(lib_a-nano-mallocr.o)
                0x2000011c                __malloc_sbrk_start
 *(COMMON)
 COMMON         0x20000120        0x4 ./system/src/stm32f4-hal/stm32f4xx_hal.o
                0x20000120                uwTick
 COMMON         0x20000124        0x4 ./system/src/newlib/_syscalls.o
                0x20000124                errno
 *(.bss_end .bss_end.*)
 .bss_end       0x20000128        0x4 ./system/src/newlib/_startup.o
                0x2000012c                . = ALIGN (0x4)
                0x2000012c                __bss_end__ = .
                0x2000012c                _ebss = .

.noinit_CCMRAM
 *(.noinit.CCMRAM .noinit.CCMRAM.*)

.noinit         0x2000012c        0x0
                0x2000012c                _noinit = .
 *(.noinit .noinit.*)
                0x2000012c                . = ALIGN (0x4)
                0x2000012c                _end_noinit = .
                [!provide]                PROVIDE (end, _end_noinit)
                [!provide]                PROVIDE (_end, _end_noinit)
                [!provide]                PROVIDE (__end, _end_noinit)
                [!provide]                PROVIDE (__end__, _end_noinit)

._check_stack   0x2000012c      0x100
                0x2000022c                . = (. + _Minimum_Stack_Size)
 *fill*         0x2000012c      0x100 

.b1text
 *(.b1text)
 *(.b1rodata)
 *(.b1rodata.*)

.eb0text
 *(.eb0text)
 *(.eb0rodata)
 *(.eb0rodata.*)

.eb1text
 *(.eb1text)
 *(.eb1rodata)
 *(.eb1rodata.*)

.eb2text
 *(.eb2text)
 *(.eb2rodata)
 *(.eb2rodata.*)

.eb3text
 *(.eb3text)
 *(.eb3rodata)
 *(.eb3rodata.*)

.stab
 *(.stab)

.stabstr
 *(.stabstr)

.stab.excl
 *(.stab.excl)

.stab.exclstr
 *(.stab.exclstr)

.stab.index
 *(.stab.index)

.stab.indexstr
 *(.stab.indexstr)

.comment        0x00000000       0x7e
 *(.comment)
 .comment       0x00000000       0x7e ./system/src/stm32f4-hal/stm32f4xx_hal.o
                                 0x7f (size before relaxing)
 .comment       0x0000007e       0x7f ./system/src/stm32f4-hal/stm32f4xx_hal_cortex.o
 .comment       0x0000007e       0x7f ./system/src/stm32f4-hal/stm32f4xx_hal_rcc.o
 .comment       0x0000007e       0x7f ./system/src/newlib/_exit.o
 .comment       0x0000007e       0x7f ./system/src/newlib/_sbrk.o
 .comment       0x0000007e       0x7f ./system/src/newlib/_startup.o
 .comment       0x0000007e       0x7f ./system/src/newlib/_syscalls.o
 .comment       0x0000007e       0x7f ./system/src/newlib/assert.o
 .comment       0x0000007e       0x7f ./system/src/diag/Trace.o
 .comment       0x0000007e       0x7f ./system/src/diag/trace_impl.o
 .comment       0x0000007e       0x7f ./system/src/cortexm/_initialize_hardware.o
 .comment       0x0000007e       0x7f ./system/src/cortexm/exception_handlers.o
 .comment       0x0000007e       0x7f ./system/src/cmsis/system_stm32f4xx.o
 .comment       0x0000007e       0x7f ./system/src/cmsis/vectors_stm32f401xc.o
 .comment       0x0000007e       0x7f ./src/ADC_program.o
 .comment       0x0000007e       0x7f ./src/GPIO_program.o
 .comment       0x0000007e       0x7f ./src/LCD_program.o
 .comment       0x0000007e       0x7f ./src/NVIC_PROGRAM.o
 .comment       0x0000007e       0x7f ./src/RCC_program.o
 .comment       0x0000007e       0x7f ./src/SYSTICK_program.o
 .comment       0x0000007e       0x7f ./src/Timer2_program.o
 .comment       0x0000007e       0x7f ./src/Timer5_program.o
 .comment       0x0000007e       0x7f ./src/UART_program.o
 .comment       0x0000007e       0x7f ./src/_initialize_hardware.o
 .comment       0x0000007e       0x7f ./src/main.o
 .comment       0x0000007e       0x7f ./src/stm32f4xx_hal_msp.o

.ARM.attributes
                0x00000000       0x31
 .ARM.attributes
                0x00000000       0x33 ./system/src/stm32f4-hal/stm32f4xx_hal.o
 .ARM.attributes
                0x00000033       0x33 ./system/src/stm32f4-hal/stm32f4xx_hal_cortex.o
 .ARM.attributes
                0x00000066       0x33 ./system/src/stm32f4-hal/stm32f4xx_hal_rcc.o
 .ARM.attributes
                0x00000099       0x33 ./system/src/newlib/_exit.o
 .ARM.attributes
                0x000000cc       0x33 ./system/src/newlib/_sbrk.o
 .ARM.attributes
                0x000000ff       0x33 ./system/src/newlib/_startup.o
 .ARM.attributes
                0x00000132       0x33 ./system/src/newlib/_syscalls.o
 .ARM.attributes
                0x00000165       0x33 ./system/src/newlib/assert.o
 .ARM.attributes
                0x00000198       0x33 ./system/src/diag/Trace.o
 .ARM.attributes
                0x000001cb       0x33 ./system/src/diag/trace_impl.o
 .ARM.attributes
                0x000001fe       0x33 ./system/src/cortexm/_initialize_hardware.o
 .ARM.attributes
                0x00000231       0x33 ./system/src/cortexm/exception_handlers.o
 .ARM.attributes
                0x00000264       0x33 ./system/src/cmsis/system_stm32f4xx.o
 .ARM.attributes
                0x00000297       0x33 ./system/src/cmsis/vectors_stm32f401xc.o
 .ARM.attributes
                0x000002ca       0x33 ./src/ADC_program.o
 .ARM.attributes
                0x000002fd       0x33 ./src/GPIO_program.o
 .ARM.attributes
                0x00000330       0x33 ./src/LCD_program.o
 .ARM.attributes
                0x00000363       0x33 ./src/NVIC_PROGRAM.o
 .ARM.attributes
                0x00000396       0x33 ./src/RCC_program.o
 .ARM.attributes
                0x000003c9       0x33 ./src/SYSTICK_program.o
 .ARM.attributes
                0x000003fc       0x33 ./src/Timer2_program.o
 .ARM.attributes
                0x0000042f       0x33 ./src/Timer5_program.o
 .ARM.attributes
                0x00000462       0x33 ./src/UART_program.o
 .ARM.attributes
                0x00000495       0x33 ./src/_initialize_hardware.o
 .ARM.attributes
                0x000004c8       0x33 ./src/main.o
 .ARM.attributes
                0x000004fb       0x33 ./src/stm32f4xx_hal_msp.o
 .ARM.attributes
                0x0000052e       0x1e e:/embedded systems/iti/01-tools/01- imt sdk/imt_sdk_win_64/imt_sdk_win_64/winarm/armgcc/bin/../lib/gcc/arm-none-eabi/7.2.1/thumb/v7e-m\libgcc.a(_arm_addsubdf3.o)
 .ARM.attributes
                0x0000054c       0x1e e:/embedded systems/iti/01-tools/01- imt sdk/imt_sdk_win_64/imt_sdk_win_64/winarm/armgcc/bin/../lib/gcc/arm-none-eabi/7.2.1/thumb/v7e-m\libgcc.a(_arm_muldivdf3.o)
 .ARM.attributes
                0x0000056a       0x1e e:/embedded systems/iti/01-tools/01- imt sdk/imt_sdk_win_64/imt_sdk_win_64/winarm/armgcc/bin/../lib/gcc/arm-none-eabi/7.2.1/thumb/v7e-m\libgcc.a(_arm_fixunsdfsi.o)
 .ARM.attributes
                0x00000588       0x1e e:/embedded systems/iti/01-tools/01- imt sdk/imt_sdk_win_64/imt_sdk_win_64/winarm/armgcc/bin/../lib/gcc/arm-none-eabi/7.2.1/thumb/v7e-m\libgcc.a(_arm_muldivsf3.o)
 .ARM.attributes
                0x000005a6       0x1e e:/embedded systems/iti/01-tools/01- imt sdk/imt_sdk_win_64/imt_sdk_win_64/winarm/armgcc/bin/../lib/gcc/arm-none-eabi/7.2.1/thumb/v7e-m\libgcc.a(_arm_fixunssfsi.o)
 .ARM.attributes
                0x000005c4       0x2e e:/embedded systems/iti/01-tools/01- imt sdk/imt_sdk_win_64/imt_sdk_win_64/winarm/armgcc/bin/../lib/gcc/arm-none-eabi/7.2.1/../../../../arm-none-eabi/lib/thumb/v7e-m\libg_nano.a(lib_a-errno.o)
 .ARM.attributes
                0x000005f2       0x2e e:/embedded systems/iti/01-tools/01- imt sdk/imt_sdk_win_64/imt_sdk_win_64/winarm/armgcc/bin/../lib/gcc/arm-none-eabi/7.2.1/../../../../arm-none-eabi/lib/thumb/v7e-m\libg_nano.a(lib_a-impure.o)
 .ARM.attributes
                0x00000620       0x17 e:/embedded systems/iti/01-tools/01- imt sdk/imt_sdk_win_64/imt_sdk_win_64/winarm/armgcc/bin/../lib/gcc/arm-none-eabi/7.2.1/../../../../arm-none-eabi/lib/thumb/v7e-m\libg_nano.a(lib_a-strlen.o)
 .ARM.attributes
                0x00000637       0x2e e:/embedded systems/iti/01-tools/01- imt sdk/imt_sdk_win_64/imt_sdk_win_64/winarm/armgcc/bin/../lib/gcc/arm-none-eabi/7.2.1/../../../../arm-none-eabi/lib/thumb/v7e-m\libg_nano.a(lib_a-vsnprintf.o)
 .ARM.attributes
                0x00000665       0x2e e:/embedded systems/iti/01-tools/01- imt sdk/imt_sdk_win_64/imt_sdk_win_64/winarm/armgcc/bin/../lib/gcc/arm-none-eabi/7.2.1/../../../../arm-none-eabi/lib/thumb/v7e-m\libg_nano.a(lib_a-nano-svfprintf.o)
 .ARM.attributes
                0x00000693       0x2e e:/embedded systems/iti/01-tools/01- imt sdk/imt_sdk_win_64/imt_sdk_win_64/winarm/armgcc/bin/../lib/gcc/arm-none-eabi/7.2.1/../../../../arm-none-eabi/lib/thumb/v7e-m\libg_nano.a(lib_a-nano-vfprintf_i.o)
 .ARM.attributes
                0x000006c1       0x1c e:/embedded systems/iti/01-tools/01- imt sdk/imt_sdk_win_64/imt_sdk_win_64/winarm/armgcc/bin/../lib/gcc/arm-none-eabi/7.2.1/../../../../arm-none-eabi/lib/thumb/v7e-m\libg_nano.a(lib_a-memchr.o)
 .ARM.attributes
                0x000006dd       0x2e e:/embedded systems/iti/01-tools/01- imt sdk/imt_sdk_win_64/imt_sdk_win_64/winarm/armgcc/bin/../lib/gcc/arm-none-eabi/7.2.1/../../../../arm-none-eabi/lib/thumb/v7e-m\libg_nano.a(lib_a-memcpy-stub.o)
 .ARM.attributes
                0x0000070b       0x2e e:/embedded systems/iti/01-tools/01- imt sdk/imt_sdk_win_64/imt_sdk_win_64/winarm/armgcc/bin/../lib/gcc/arm-none-eabi/7.2.1/../../../../arm-none-eabi/lib/thumb/v7e-m\libg_nano.a(lib_a-memmove.o)
 .ARM.attributes
                0x00000739       0x2e e:/embedded systems/iti/01-tools/01- imt sdk/imt_sdk_win_64/imt_sdk_win_64/winarm/armgcc/bin/../lib/gcc/arm-none-eabi/7.2.1/../../../../arm-none-eabi/lib/thumb/v7e-m\libg_nano.a(lib_a-nano-freer.o)
 .ARM.attributes
                0x00000767       0x2e e:/embedded systems/iti/01-tools/01- imt sdk/imt_sdk_win_64/imt_sdk_win_64/winarm/armgcc/bin/../lib/gcc/arm-none-eabi/7.2.1/../../../../arm-none-eabi/lib/thumb/v7e-m\libg_nano.a(lib_a-nano-mallocr.o)
 .ARM.attributes
                0x00000795       0x2e e:/embedded systems/iti/01-tools/01- imt sdk/imt_sdk_win_64/imt_sdk_win_64/winarm/armgcc/bin/../lib/gcc/arm-none-eabi/7.2.1/../../../../arm-none-eabi/lib/thumb/v7e-m\libg_nano.a(lib_a-nano-reallocr.o)
 .ARM.attributes
                0x000007c3       0x2e e:/embedded systems/iti/01-tools/01- imt sdk/imt_sdk_win_64/imt_sdk_win_64/winarm/armgcc/bin/../lib/gcc/arm-none-eabi/7.2.1/../../../../arm-none-eabi/lib/thumb/v7e-m\libg_nano.a(lib_a-sbrkr.o)
 .ARM.attributes
                0x000007f1       0x2e e:/embedded systems/iti/01-tools/01- imt sdk/imt_sdk_win_64/imt_sdk_win_64/winarm/armgcc/bin/../lib/gcc/arm-none-eabi/7.2.1/../../../../arm-none-eabi/lib/thumb/v7e-m\libg_nano.a(lib_a-mlock.o)
 .ARM.attributes
                0x0000081f       0x2e e:/embedded systems/iti/01-tools/01- imt sdk/imt_sdk_win_64/imt_sdk_win_64/winarm/armgcc/bin/../lib/gcc/arm-none-eabi/7.2.1/../../../../arm-none-eabi/lib/thumb/v7e-m\libg_nano.a(lib_a-nano-msizer.o)

.debug
 *(.debug)

.line
 *(.line)

.debug_srcinfo
 *(.debug_srcinfo)

.debug_sfnames
 *(.debug_sfnames)

.debug_aranges  0x00000000      0x7e0
 *(.debug_aranges)
 .debug_aranges
                0x00000000       0xc0 ./system/src/stm32f4-hal/stm32f4xx_hal.o
 .debug_aranges
                0x000000c0       0x98 ./system/src/stm32f4-hal/stm32f4xx_hal_cortex.o
 .debug_aranges
                0x00000158       0x88 ./system/src/stm32f4-hal/stm32f4xx_hal_rcc.o
 .debug_aranges
                0x000001e0       0x28 ./system/src/newlib/_exit.o
 .debug_aranges
                0x00000208       0x20 ./system/src/newlib/_sbrk.o
 .debug_aranges
                0x00000228       0x40 ./system/src/newlib/_startup.o
 .debug_aranges
                0x00000268       0x30 ./system/src/newlib/_syscalls.o
 .debug_aranges
                0x00000298       0x28 ./system/src/newlib/assert.o
 .debug_aranges
                0x000002c0       0x38 ./system/src/diag/Trace.o
 .debug_aranges
                0x000002f8       0x30 ./system/src/diag/trace_impl.o
 .debug_aranges
                0x00000328       0x28 ./system/src/cortexm/_initialize_hardware.o
 .debug_aranges
                0x00000350       0x90 ./system/src/cortexm/exception_handlers.o
 .debug_aranges
                0x000003e0       0x28 ./system/src/cmsis/system_stm32f4xx.o
 .debug_aranges
                0x00000408       0x20 ./system/src/cmsis/vectors_stm32f401xc.o
 .debug_aranges
                0x00000428       0x48 ./src/ADC_program.o
 .debug_aranges
                0x00000470       0x78 ./src/GPIO_program.o
 .debug_aranges
                0x000004e8       0x88 ./src/LCD_program.o
 .debug_aranges
                0x00000570       0x60 ./src/NVIC_PROGRAM.o
 .debug_aranges
                0x000005d0       0x30 ./src/RCC_program.o
 .debug_aranges
                0x00000600       0x60 ./src/SYSTICK_program.o
 .debug_aranges
                0x00000660       0x48 ./src/Timer2_program.o
 .debug_aranges
                0x000006a8       0x60 ./src/Timer5_program.o
 .debug_aranges
                0x00000708       0x40 ./src/UART_program.o
 .debug_aranges
                0x00000748       0x28 ./src/_initialize_hardware.o
 .debug_aranges
                0x00000770       0x38 ./src/main.o
 .debug_aranges
                0x000007a8       0x38 ./src/stm32f4xx_hal_msp.o

.debug_pubnames
 *(.debug_pubnames)

.debug_info     0x00000000     0xf8b2
 *(.debug_info .gnu.linkonce.wi.*)
 .debug_info    0x00000000     0x107e ./system/src/stm32f4-hal/stm32f4xx_hal.o
 .debug_info    0x0000107e     0x1863 ./system/src/stm32f4-hal/stm32f4xx_hal_cortex.o
 .debug_info    0x000028e1     0x177e ./system/src/stm32f4-hal/stm32f4xx_hal_rcc.o
 .debug_info    0x0000405f      0x956 ./system/src/newlib/_exit.o
 .debug_info    0x000049b5      0x942 ./system/src/newlib/_sbrk.o
 .debug_info    0x000052f7      0x4bf ./system/src/newlib/_startup.o
 .debug_info    0x000057b6      0xa19 ./system/src/newlib/_syscalls.o
 .debug_info    0x000061cf      0x9ff ./system/src/newlib/assert.o
 .debug_info    0x00006bce      0xb2a ./system/src/diag/Trace.o
 .debug_info    0x000076f8      0xb6b ./system/src/diag/trace_impl.o
 .debug_info    0x00008263      0xade ./system/src/cortexm/_initialize_hardware.o
 .debug_info    0x00008d41     0x115a ./system/src/cortexm/exception_handlers.o
 .debug_info    0x00009e9b      0xcfe ./system/src/cmsis/system_stm32f4xx.o
 .debug_info    0x0000ab99       0xca ./system/src/cmsis/vectors_stm32f401xc.o
 .debug_info    0x0000ac63      0x223 ./src/ADC_program.o
 .debug_info    0x0000ae86      0x53f ./src/GPIO_program.o
 .debug_info    0x0000b3c5      0xa2f ./src/LCD_program.o
 .debug_info    0x0000bdf4      0xc93 ./src/NVIC_PROGRAM.o
 .debug_info    0x0000ca87      0x351 ./src/RCC_program.o
 .debug_info    0x0000cdd8      0x253 ./src/SYSTICK_program.o
 .debug_info    0x0000d02b      0x220 ./src/Timer2_program.o
 .debug_info    0x0000d24b      0x257 ./src/Timer5_program.o
 .debug_info    0x0000d4a2      0x231 ./src/UART_program.o
 .debug_info    0x0000d6d3      0xd34 ./src/_initialize_hardware.o
 .debug_info    0x0000e407      0xb9c ./src/main.o
 .debug_info    0x0000efa3      0x90f ./src/stm32f4xx_hal_msp.o

.debug_abbrev   0x00000000     0x3346
 *(.debug_abbrev)
 .debug_abbrev  0x00000000      0x32b ./system/src/stm32f4-hal/stm32f4xx_hal.o
 .debug_abbrev  0x0000032b      0x3f1 ./system/src/stm32f4-hal/stm32f4xx_hal_cortex.o
 .debug_abbrev  0x0000071c      0x394 ./system/src/stm32f4-hal/stm32f4xx_hal_rcc.o
 .debug_abbrev  0x00000ab0      0x1f3 ./system/src/newlib/_exit.o
 .debug_abbrev  0x00000ca3      0x1fc ./system/src/newlib/_sbrk.o
 .debug_abbrev  0x00000e9f      0x1cb ./system/src/newlib/_startup.o
 .debug_abbrev  0x0000106a      0x234 ./system/src/newlib/_syscalls.o
 .debug_abbrev  0x0000129e      0x1f3 ./system/src/newlib/assert.o
 .debug_abbrev  0x00001491      0x276 ./system/src/diag/Trace.o
 .debug_abbrev  0x00001707      0x2ef ./system/src/diag/trace_impl.o
 .debug_abbrev  0x000019f6      0x1de ./system/src/cortexm/_initialize_hardware.o
 .debug_abbrev  0x00001bd4      0x32b ./system/src/cortexm/exception_handlers.o
 .debug_abbrev  0x00001eff      0x216 ./system/src/cmsis/system_stm32f4xx.o
 .debug_abbrev  0x00002115       0x9d ./system/src/cmsis/vectors_stm32f401xc.o
 .debug_abbrev  0x000021b2       0xfe ./src/ADC_program.o
 .debug_abbrev  0x000022b0      0x172 ./src/GPIO_program.o
 .debug_abbrev  0x00002422      0x201 ./src/LCD_program.o
 .debug_abbrev  0x00002623      0x271 ./src/NVIC_PROGRAM.o
 .debug_abbrev  0x00002894       0xe7 ./src/RCC_program.o
 .debug_abbrev  0x0000297b      0x18c ./src/SYSTICK_program.o
 .debug_abbrev  0x00002b07       0xe4 ./src/Timer2_program.o
 .debug_abbrev  0x00002beb       0xfe ./src/Timer5_program.o
 .debug_abbrev  0x00002ce9      0x17d ./src/UART_program.o
 .debug_abbrev  0x00002e66      0x22d ./src/_initialize_hardware.o
 .debug_abbrev  0x00003093      0x102 ./src/main.o
 .debug_abbrev  0x00003195      0x1b1 ./src/stm32f4xx_hal_msp.o

.debug_line     0x00000000     0x96d9
 *(.debug_line)
 .debug_line    0x00000000      0xc18 ./system/src/stm32f4-hal/stm32f4xx_hal.o
 .debug_line    0x00000c18      0xd0f ./system/src/stm32f4-hal/stm32f4xx_hal_cortex.o
 .debug_line    0x00001927      0xe9a ./system/src/stm32f4-hal/stm32f4xx_hal_rcc.o
 .debug_line    0x000027c1      0x3db ./system/src/newlib/_exit.o
 .debug_line    0x00002b9c      0x38f ./system/src/newlib/_sbrk.o
 .debug_line    0x00002f2b      0x457 ./system/src/newlib/_startup.o
 .debug_line    0x00003382      0x4c8 ./system/src/newlib/_syscalls.o
 .debug_line    0x0000384a      0x416 ./system/src/newlib/assert.o
 .debug_line    0x00003c60      0x457 ./system/src/diag/Trace.o
 .debug_line    0x000040b7      0xb4b ./system/src/diag/trace_impl.o
 .debug_line    0x00004c02      0xab4 ./system/src/cortexm/_initialize_hardware.o
 .debug_line    0x000056b6      0xc02 ./system/src/cortexm/exception_handlers.o
 .debug_line    0x000062b8      0xaba ./system/src/cmsis/system_stm32f4xx.o
 .debug_line    0x00006d72      0x125 ./system/src/cmsis/vectors_stm32f401xc.o
 .debug_line    0x00006e97       0xfd ./src/ADC_program.o
 .debug_line    0x00006f94      0x3ca ./src/GPIO_program.o
 .debug_line    0x0000735e      0x269 ./src/LCD_program.o
 .debug_line    0x000075c7      0x419 ./src/NVIC_PROGRAM.o
 .debug_line    0x000079e0       0xf1 ./src/RCC_program.o
 .debug_line    0x00007ad1      0x15a ./src/SYSTICK_program.o
 .debug_line    0x00007c2b      0x10c ./src/Timer2_program.o
 .debug_line    0x00007d37      0x15c ./src/Timer5_program.o
 .debug_line    0x00007e93      0x137 ./src/UART_program.o
 .debug_line    0x00007fca      0xaad ./src/_initialize_hardware.o
 .debug_line    0x00008a77      0x1b4 ./src/main.o
 .debug_line    0x00008c2b      0xaae ./src/stm32f4xx_hal_msp.o

.debug_frame    0x00000000     0x14f8
 *(.debug_frame)
 .debug_frame   0x00000000      0x188 ./system/src/stm32f4-hal/stm32f4xx_hal.o
 .debug_frame   0x00000188      0x17c ./system/src/stm32f4-hal/stm32f4xx_hal_cortex.o
 .debug_frame   0x00000304      0x140 ./system/src/stm32f4-hal/stm32f4xx_hal_rcc.o
 .debug_frame   0x00000444       0x38 ./system/src/newlib/_exit.o
 .debug_frame   0x0000047c       0x28 ./system/src/newlib/_sbrk.o
 .debug_frame   0x000004a4       0x7c ./system/src/newlib/_startup.o
 .debug_frame   0x00000520       0x50 ./system/src/newlib/_syscalls.o
 .debug_frame   0x00000570       0x40 ./system/src/newlib/assert.o
 .debug_frame   0x000005b0       0x94 ./system/src/diag/Trace.o
 .debug_frame   0x00000644       0x64 ./system/src/diag/trace_impl.o
 .debug_frame   0x000006a8       0x40 ./system/src/cortexm/_initialize_hardware.o
 .debug_frame   0x000006e8      0x158 ./system/src/cortexm/exception_handlers.o
 .debug_frame   0x00000840       0x30 ./system/src/cmsis/system_stm32f4xx.o
 .debug_frame   0x00000870       0x20 ./system/src/cmsis/vectors_stm32f401xc.o
 .debug_frame   0x00000890       0x78 ./src/ADC_program.o
 .debug_frame   0x00000908      0x188 ./src/GPIO_program.o
 .debug_frame   0x00000a90      0x18c ./src/LCD_program.o
 .debug_frame   0x00000c1c       0xf0 ./src/NVIC_PROGRAM.o
 .debug_frame   0x00000d0c       0x40 ./src/RCC_program.o
 .debug_frame   0x00000d4c       0xb8 ./src/SYSTICK_program.o
 .debug_frame   0x00000e04       0x78 ./src/Timer2_program.o
 .debug_frame   0x00000e7c       0xa8 ./src/Timer5_program.o
 .debug_frame   0x00000f24       0x80 ./src/UART_program.o
 .debug_frame   0x00000fa4       0x4c ./src/_initialize_hardware.o
 .debug_frame   0x00000ff0       0x74 ./src/main.o
 .debug_frame   0x00001064       0x50 ./src/stm32f4xx_hal_msp.o
 .debug_frame   0x000010b4       0xac e:/embedded systems/iti/01-tools/01- imt sdk/imt_sdk_win_64/imt_sdk_win_64/winarm/armgcc/bin/../lib/gcc/arm-none-eabi/7.2.1/thumb/v7e-m\libgcc.a(_arm_addsubdf3.o)
 .debug_frame   0x00001160       0x50 e:/embedded systems/iti/01-tools/01- imt sdk/imt_sdk_win_64/imt_sdk_win_64/winarm/armgcc/bin/../lib/gcc/arm-none-eabi/7.2.1/thumb/v7e-m\libgcc.a(_arm_muldivdf3.o)
 .debug_frame   0x000011b0       0x24 e:/embedded systems/iti/01-tools/01- imt sdk/imt_sdk_win_64/imt_sdk_win_64/winarm/armgcc/bin/../lib/gcc/arm-none-eabi/7.2.1/thumb/v7e-m\libgcc.a(_arm_fixunsdfsi.o)
 .debug_frame   0x000011d4       0x38 e:/embedded systems/iti/01-tools/01- imt sdk/imt_sdk_win_64/imt_sdk_win_64/winarm/armgcc/bin/../lib/gcc/arm-none-eabi/7.2.1/thumb/v7e-m\libgcc.a(_arm_muldivsf3.o)
 .debug_frame   0x0000120c       0x24 e:/embedded systems/iti/01-tools/01- imt sdk/imt_sdk_win_64/imt_sdk_win_64/winarm/armgcc/bin/../lib/gcc/arm-none-eabi/7.2.1/thumb/v7e-m\libgcc.a(_arm_fixunssfsi.o)
 .debug_frame   0x00001230       0x20 e:/embedded systems/iti/01-tools/01- imt sdk/imt_sdk_win_64/imt_sdk_win_64/winarm/armgcc/bin/../lib/gcc/arm-none-eabi/7.2.1/../../../../arm-none-eabi/lib/thumb/v7e-m\libg_nano.a(lib_a-errno.o)
 .debug_frame   0x00001250       0x4c e:/embedded systems/iti/01-tools/01- imt sdk/imt_sdk_win_64/imt_sdk_win_64/winarm/armgcc/bin/../lib/gcc/arm-none-eabi/7.2.1/../../../../arm-none-eabi/lib/thumb/v7e-m\libg_nano.a(lib_a-vsnprintf.o)
 .debug_frame   0x0000129c       0x90 e:/embedded systems/iti/01-tools/01- imt sdk/imt_sdk_win_64/imt_sdk_win_64/winarm/armgcc/bin/../lib/gcc/arm-none-eabi/7.2.1/../../../../arm-none-eabi/lib/thumb/v7e-m\libg_nano.a(lib_a-nano-svfprintf.o)
 .debug_frame   0x0000132c       0x60 e:/embedded systems/iti/01-tools/01- imt sdk/imt_sdk_win_64/imt_sdk_win_64/winarm/armgcc/bin/../lib/gcc/arm-none-eabi/7.2.1/../../../../arm-none-eabi/lib/thumb/v7e-m\libg_nano.a(lib_a-nano-vfprintf_i.o)
 .debug_frame   0x0000138c       0x28 e:/embedded systems/iti/01-tools/01- imt sdk/imt_sdk_win_64/imt_sdk_win_64/winarm/armgcc/bin/../lib/gcc/arm-none-eabi/7.2.1/../../../../arm-none-eabi/lib/thumb/v7e-m\libg_nano.a(lib_a-memcpy-stub.o)
 .debug_frame   0x000013b4       0x28 e:/embedded systems/iti/01-tools/01- imt sdk/imt_sdk_win_64/imt_sdk_win_64/winarm/armgcc/bin/../lib/gcc/arm-none-eabi/7.2.1/../../../../arm-none-eabi/lib/thumb/v7e-m\libg_nano.a(lib_a-memmove.o)
 .debug_frame   0x000013dc       0x38 e:/embedded systems/iti/01-tools/01- imt sdk/imt_sdk_win_64/imt_sdk_win_64/winarm/armgcc/bin/../lib/gcc/arm-none-eabi/7.2.1/../../../../arm-none-eabi/lib/thumb/v7e-m\libg_nano.a(lib_a-nano-freer.o)
 .debug_frame   0x00001414       0x2c e:/embedded systems/iti/01-tools/01- imt sdk/imt_sdk_win_64/imt_sdk_win_64/winarm/armgcc/bin/../lib/gcc/arm-none-eabi/7.2.1/../../../../arm-none-eabi/lib/thumb/v7e-m\libg_nano.a(lib_a-nano-mallocr.o)
 .debug_frame   0x00001440       0x3c e:/embedded systems/iti/01-tools/01- imt sdk/imt_sdk_win_64/imt_sdk_win_64/winarm/armgcc/bin/../lib/gcc/arm-none-eabi/7.2.1/../../../../arm-none-eabi/lib/thumb/v7e-m\libg_nano.a(lib_a-nano-reallocr.o)
 .debug_frame   0x0000147c       0x2c e:/embedded systems/iti/01-tools/01- imt sdk/imt_sdk_win_64/imt_sdk_win_64/winarm/armgcc/bin/../lib/gcc/arm-none-eabi/7.2.1/../../../../arm-none-eabi/lib/thumb/v7e-m\libg_nano.a(lib_a-sbrkr.o)
 .debug_frame   0x000014a8       0x30 e:/embedded systems/iti/01-tools/01- imt sdk/imt_sdk_win_64/imt_sdk_win_64/winarm/armgcc/bin/../lib/gcc/arm-none-eabi/7.2.1/../../../../arm-none-eabi/lib/thumb/v7e-m\libg_nano.a(lib_a-mlock.o)
 .debug_frame   0x000014d8       0x20 e:/embedded systems/iti/01-tools/01- imt sdk/imt_sdk_win_64/imt_sdk_win_64/winarm/armgcc/bin/../lib/gcc/arm-none-eabi/7.2.1/../../../../arm-none-eabi/lib/thumb/v7e-m\libg_nano.a(lib_a-nano-msizer.o)

.debug_str      0x00000000    0x770d3
 *(.debug_str)
 .debug_str     0x00000000    0x6fc0f ./system/src/stm32f4-hal/stm32f4xx_hal.o
                              0x700bc (size before relaxing)
 .debug_str     0x0006fc0f      0x37b ./system/src/stm32f4-hal/stm32f4xx_hal_cortex.o
                              0x6ff26 (size before relaxing)
 .debug_str     0x0006ff8a      0x3d5 ./system/src/stm32f4-hal/stm32f4xx_hal_rcc.o
                              0x6fc3e (size before relaxing)
 .debug_str     0x0007035f     0x10ff ./system/src/newlib/_exit.o
                               0x7f1d (size before relaxing)
 .debug_str     0x0007145e      0x4f5 ./system/src/newlib/_sbrk.o
                               0x72cf (size before relaxing)
 .debug_str     0x00071953      0x2c6 ./system/src/newlib/_startup.o
                               0x6a70 (size before relaxing)
 .debug_str     0x00071c19      0xe8b ./system/src/newlib/_syscalls.o
                               0x81aa (size before relaxing)
 .debug_str     0x00072aa4       0xd0 ./system/src/newlib/assert.o
                               0x8a22 (size before relaxing)
 .debug_str     0x00072b74      0x176 ./system/src/diag/Trace.o
                               0x8695 (size before relaxing)
 .debug_str     0x00072cea      0x37b ./system/src/diag/trace_impl.o
                              0x709bb (size before relaxing)
 .debug_str     0x00073065       0x5e ./system/src/cortexm/_initialize_hardware.o
                              0x6f74d (size before relaxing)
 .debug_str     0x000730c3      0x19d ./system/src/cortexm/exception_handlers.o
                              0x70b45 (size before relaxing)
 .debug_str     0x00073260       0x46 ./system/src/cmsis/system_stm32f4xx.o
                              0x6f82e (size before relaxing)
 .debug_str     0x000732a6       0x59 ./system/src/cmsis/vectors_stm32f401xc.o
                               0x38ad (size before relaxing)
 .debug_str     0x000732ff      0x4c9 ./src/ADC_program.o
                               0x32cc (size before relaxing)
 .debug_str     0x000737c8      0x83a ./src/GPIO_program.o
                               0x38c0 (size before relaxing)
 .debug_str     0x00074002      0x4e7 ./src/LCD_program.o
                               0x39e6 (size before relaxing)
 .debug_str     0x000744e9     0x12b5 ./src/NVIC_PROGRAM.o
                               0x7428 (size before relaxing)
 .debug_str     0x0007579e      0xafb ./src/RCC_program.o
                               0x3ba7 (size before relaxing)
 .debug_str     0x00076299      0x37c ./src/SYSTICK_program.o
                               0x3466 (size before relaxing)
 .debug_str     0x00076615      0x2a3 ./src/Timer2_program.o
                               0x3319 (size before relaxing)
 .debug_str     0x000768b8      0x28f ./src/Timer5_program.o
                               0x341d (size before relaxing)
 .debug_str     0x00076b47      0x46a ./src/UART_program.o
                               0x353a (size before relaxing)
 .debug_str     0x00076fb1       0x31 ./src/_initialize_hardware.o
                              0x6f944 (size before relaxing)
 .debug_str     0x00076fe2       0xb4 ./src/main.o
                               0x3dfe (size before relaxing)
 .debug_str     0x00077096       0x3d ./src/stm32f4xx_hal_msp.o
                              0x6f695 (size before relaxing)

.debug_loc      0x00000000     0x332c
 *(.debug_loc)
 .debug_loc     0x00000000       0x92 ./system/src/stm32f4-hal/stm32f4xx_hal.o
 .debug_loc     0x00000092      0x73b ./system/src/stm32f4-hal/stm32f4xx_hal_cortex.o
 .debug_loc     0x000007cd      0x50a ./system/src/stm32f4-hal/stm32f4xx_hal_rcc.o
 .debug_loc     0x00000cd7       0x85 ./system/src/newlib/_sbrk.o
 .debug_loc     0x00000d5c      0x2cb ./system/src/newlib/_startup.o
 .debug_loc     0x00001027       0x63 ./system/src/newlib/_syscalls.o
 .debug_loc     0x0000108a      0x134 ./system/src/newlib/assert.o
 .debug_loc     0x000011be       0xf6 ./system/src/diag/Trace.o
 .debug_loc     0x000012b4      0x121 ./system/src/diag/trace_impl.o
 .debug_loc     0x000013d5      0x291 ./system/src/cortexm/exception_handlers.o
 .debug_loc     0x00001666      0x13e ./system/src/cmsis/system_stm32f4xx.o
 .debug_loc     0x000017a4      0xe1b ./src/GPIO_program.o
 .debug_loc     0x000025bf      0x41b ./src/LCD_program.o
 .debug_loc     0x000029da      0x496 ./src/NVIC_PROGRAM.o
 .debug_loc     0x00002e70      0x268 ./src/RCC_program.o
 .debug_loc     0x000030d8       0x9e ./src/SYSTICK_program.o
 .debug_loc     0x00003176       0xd8 ./src/UART_program.o
 .debug_loc     0x0000324e       0xde ./src/main.o

.debug_macinfo
 *(.debug_macinfo)

.debug_weaknames
 *(.debug_weaknames)

.debug_funcnames
 *(.debug_funcnames)

.debug_typenames
 *(.debug_typenames)

.debug_varnames
 *(.debug_varnames)
OUTPUT(Distance_01.elf elf32-littlearm)

.debug_ranges   0x00000000      0x760
 .debug_ranges  0x00000000       0xb0 ./system/src/stm32f4-hal/stm32f4xx_hal.o
 .debug_ranges  0x000000b0       0xe8 ./system/src/stm32f4-hal/stm32f4xx_hal_cortex.o
 .debug_ranges  0x00000198       0x78 ./system/src/stm32f4-hal/stm32f4xx_hal_rcc.o
 .debug_ranges  0x00000210       0x18 ./system/src/newlib/_exit.o
 .debug_ranges  0x00000228       0x10 ./system/src/newlib/_sbrk.o
 .debug_ranges  0x00000238       0x90 ./system/src/newlib/_startup.o
 .debug_ranges  0x000002c8       0x20 ./system/src/newlib/_syscalls.o
 .debug_ranges  0x000002e8       0x18 ./system/src/newlib/assert.o
 .debug_ranges  0x00000300       0x28 ./system/src/diag/Trace.o
 .debug_ranges  0x00000328       0x50 ./system/src/diag/trace_impl.o
 .debug_ranges  0x00000378       0x18 ./system/src/cortexm/_initialize_hardware.o
 .debug_ranges  0x00000390       0x80 ./system/src/cortexm/exception_handlers.o
 .debug_ranges  0x00000410       0x18 ./system/src/cmsis/system_stm32f4xx.o
 .debug_ranges  0x00000428       0x10 ./system/src/cmsis/vectors_stm32f401xc.o
 .debug_ranges  0x00000438       0x38 ./src/ADC_program.o
 .debug_ranges  0x00000470       0x98 ./src/GPIO_program.o
 .debug_ranges  0x00000508       0x78 ./src/LCD_program.o
 .debug_ranges  0x00000580       0x50 ./src/NVIC_PROGRAM.o
 .debug_ranges  0x000005d0       0x20 ./src/RCC_program.o
 .debug_ranges  0x000005f0       0x50 ./src/SYSTICK_program.o
 .debug_ranges  0x00000640       0x38 ./src/Timer2_program.o
 .debug_ranges  0x00000678       0x50 ./src/Timer5_program.o
 .debug_ranges  0x000006c8       0x30 ./src/UART_program.o
 .debug_ranges  0x000006f8       0x18 ./src/_initialize_hardware.o
 .debug_ranges  0x00000710       0x28 ./src/main.o
 .debug_ranges  0x00000738       0x28 ./src/stm32f4xx_hal_msp.o

.debug_macro    0x00000000    0x15cc2
 .debug_macro   0x00000000      0x532 ./system/src/stm32f4-hal/stm32f4xx_hal.o
 .debug_macro   0x00000532      0xa6c ./system/src/stm32f4-hal/stm32f4xx_hal.o
 .debug_macro   0x00000f9e      0x289 ./system/src/stm32f4-hal/stm32f4xx_hal.o
 .debug_macro   0x00001227       0x31 ./system/src/stm32f4-hal/stm32f4xx_hal.o
 .debug_macro   0x00001258       0x28 ./system/src/stm32f4-hal/stm32f4xx_hal.o
 .debug_macro   0x00001280      0x34e ./system/src/stm32f4-hal/stm32f4xx_hal.o
 .debug_macro   0x000015ce       0x35 ./system/src/stm32f4-hal/stm32f4xx_hal.o
 .debug_macro   0x00001603       0x50 ./system/src/stm32f4-hal/stm32f4xx_hal.o
 .debug_macro   0x00001653      0xe66 ./system/src/stm32f4-hal/stm32f4xx_hal.o
 .debug_macro   0x000024b9     0x5099 ./system/src/stm32f4-hal/stm32f4xx_hal.o
 .debug_macro   0x00007552       0x43 ./system/src/stm32f4-hal/stm32f4xx_hal.o
 .debug_macro   0x00007595     0x347f ./system/src/stm32f4-hal/stm32f4xx_hal.o
 .debug_macro   0x0000aa14       0x22 ./system/src/stm32f4-hal/stm32f4xx_hal.o
 .debug_macro   0x0000aa36       0x52 ./system/src/stm32f4-hal/stm32f4xx_hal.o
 .debug_macro   0x0000aa88       0x17 ./system/src/stm32f4-hal/stm32f4xx_hal.o
 .debug_macro   0x0000aa9f       0x8d ./system/src/stm32f4-hal/stm32f4xx_hal.o
 .debug_macro   0x0000ab2c       0x35 ./system/src/stm32f4-hal/stm32f4xx_hal.o
 .debug_macro   0x0000ab61       0x9c ./system/src/stm32f4-hal/stm32f4xx_hal.o
 .debug_macro   0x0000abfd       0x16 ./system/src/stm32f4-hal/stm32f4xx_hal.o
 .debug_macro   0x0000ac13       0x57 ./system/src/stm32f4-hal/stm32f4xx_hal.o
 .debug_macro   0x0000ac6a       0x97 ./system/src/stm32f4-hal/stm32f4xx_hal.o
 .debug_macro   0x0000ad01      0x330 ./system/src/stm32f4-hal/stm32f4xx_hal.o
 .debug_macro   0x0000b031       0xfd ./system/src/stm32f4-hal/stm32f4xx_hal.o
 .debug_macro   0x0000b12e       0x10 ./system/src/stm32f4-hal/stm32f4xx_hal.o
 .debug_macro   0x0000b13e       0x58 ./system/src/stm32f4-hal/stm32f4xx_hal.o
 .debug_macro   0x0000b196       0x1f ./system/src/stm32f4-hal/stm32f4xx_hal.o
 .debug_macro   0x0000b1b5       0x43 ./system/src/stm32f4-hal/stm32f4xx_hal.o
 .debug_macro   0x0000b1f8       0x20 ./system/src/stm32f4-hal/stm32f4xx_hal.o
 .debug_macro   0x0000b218      0x18e ./system/src/stm32f4-hal/stm32f4xx_hal.o
 .debug_macro   0x0000b3a6       0x10 ./system/src/stm32f4-hal/stm32f4xx_hal.o
 .debug_macro   0x0000b3b6       0x6a ./system/src/stm32f4-hal/stm32f4xx_hal.o
 .debug_macro   0x0000b420       0x1c ./system/src/stm32f4-hal/stm32f4xx_hal.o
 .debug_macro   0x0000b43c       0x52 ./system/src/stm32f4-hal/stm32f4xx_hal.o
 .debug_macro   0x0000b48e       0x40 ./system/src/stm32f4-hal/stm32f4xx_hal.o
 .debug_macro   0x0000b4ce       0x10 ./system/src/stm32f4-hal/stm32f4xx_hal.o
 .debug_macro   0x0000b4de       0x40 ./system/src/stm32f4-hal/stm32f4xx_hal.o
 .debug_macro   0x0000b51e       0xd7 ./system/src/stm32f4-hal/stm32f4xx_hal.o
 .debug_macro   0x0000b5f5       0x1c ./system/src/stm32f4-hal/stm32f4xx_hal.o
 .debug_macro   0x0000b611       0x3d ./system/src/stm32f4-hal/stm32f4xx_hal.o
 .debug_macro   0x0000b64e       0x16 ./system/src/stm32f4-hal/stm32f4xx_hal.o
 .debug_macro   0x0000b664      0x16f ./system/src/stm32f4-hal/stm32f4xx_hal.o
 .debug_macro   0x0000b7d3       0x57 ./system/src/stm32f4-hal/stm32f4xx_hal.o
 .debug_macro   0x0000b82a      0x424 ./system/src/stm32f4-hal/stm32f4xx_hal.o
 .debug_macro   0x0000bc4e      0x9e1 ./system/src/stm32f4-hal/stm32f4xx_hal.o
 .debug_macro   0x0000c62f      0x11e ./system/src/stm32f4-hal/stm32f4xx_hal.o
 .debug_macro   0x0000c74d       0xf8 ./system/src/stm32f4-hal/stm32f4xx_hal.o
 .debug_macro   0x0000c845       0x27 ./system/src/stm32f4-hal/stm32f4xx_hal.o
 .debug_macro   0x0000c86c      0x287 ./system/src/stm32f4-hal/stm32f4xx_hal.o
 .debug_macro   0x0000caf3       0x5f ./system/src/stm32f4-hal/stm32f4xx_hal.o
 .debug_macro   0x0000cb52      0x23a ./system/src/stm32f4-hal/stm32f4xx_hal.o
 .debug_macro   0x0000cd8c      0x391 ./system/src/stm32f4-hal/stm32f4xx_hal.o
 .debug_macro   0x0000d11d      0x16f ./system/src/stm32f4-hal/stm32f4xx_hal.o
 .debug_macro   0x0000d28c       0xf9 ./system/src/stm32f4-hal/stm32f4xx_hal.o
 .debug_macro   0x0000d385       0x23 ./system/src/stm32f4-hal/stm32f4xx_hal.o
 .debug_macro   0x0000d3a8      0x13a ./system/src/stm32f4-hal/stm32f4xx_hal.o
 .debug_macro   0x0000d4e2      0x23a ./system/src/stm32f4-hal/stm32f4xx_hal.o
 .debug_macro   0x0000d71c       0x2e ./system/src/stm32f4-hal/stm32f4xx_hal.o
 .debug_macro   0x0000d74a      0x1a7 ./system/src/stm32f4-hal/stm32f4xx_hal.o
 .debug_macro   0x0000d8f1       0x22 ./system/src/stm32f4-hal/stm32f4xx_hal.o
 .debug_macro   0x0000d913       0xa5 ./system/src/stm32f4-hal/stm32f4xx_hal.o
 .debug_macro   0x0000d9b8      0x18b ./system/src/stm32f4-hal/stm32f4xx_hal.o
 .debug_macro   0x0000db43       0x24 ./system/src/stm32f4-hal/stm32f4xx_hal.o
 .debug_macro   0x0000db67       0x35 ./system/src/stm32f4-hal/stm32f4xx_hal.o
 .debug_macro   0x0000db9c       0x79 ./system/src/stm32f4-hal/stm32f4xx_hal.o
 .debug_macro   0x0000dc15      0x11e ./system/src/stm32f4-hal/stm32f4xx_hal.o
 .debug_macro   0x0000dd33       0x85 ./system/src/stm32f4-hal/stm32f4xx_hal.o
 .debug_macro   0x0000ddb8       0x89 ./system/src/stm32f4-hal/stm32f4xx_hal.o
 .debug_macro   0x0000de41      0x31a ./system/src/stm32f4-hal/stm32f4xx_hal.o
 .debug_macro   0x0000e15b      0x409 ./system/src/stm32f4-hal/stm32f4xx_hal.o
 .debug_macro   0x0000e564       0xe4 ./system/src/stm32f4-hal/stm32f4xx_hal.o
 .debug_macro   0x0000e648      0x48d ./system/src/stm32f4-hal/stm32f4xx_hal.o
 .debug_macro   0x0000ead5      0x22b ./system/src/stm32f4-hal/stm32f4xx_hal.o
 .debug_macro   0x0000ed00      0x202 ./system/src/stm32f4-hal/stm32f4xx_hal.o
 .debug_macro   0x0000ef02      0x6d9 ./system/src/stm32f4-hal/stm32f4xx_hal.o
 .debug_macro   0x0000f5db       0x5b ./system/src/stm32f4-hal/stm32f4xx_hal.o
 .debug_macro   0x0000f636      0x14d ./system/src/stm32f4-hal/stm32f4xx_hal.o
 .debug_macro   0x0000f783      0x287 ./system/src/stm32f4-hal/stm32f4xx_hal.o
 .debug_macro   0x0000fa0a      0x225 ./system/src/stm32f4-hal/stm32f4xx_hal.o
 .debug_macro   0x0000fc2f      0x1b5 ./system/src/stm32f4-hal/stm32f4xx_hal.o
 .debug_macro   0x0000fde4      0x2db ./system/src/stm32f4-hal/stm32f4xx_hal.o
 .debug_macro   0x000100bf       0x89 ./system/src/stm32f4-hal/stm32f4xx_hal.o
 .debug_macro   0x00010148      0x1df ./system/src/stm32f4-hal/stm32f4xx_hal.o
 .debug_macro   0x00010327      0x115 ./system/src/stm32f4-hal/stm32f4xx_hal.o
 .debug_macro   0x0001043c       0x6e ./system/src/stm32f4-hal/stm32f4xx_hal.o
 .debug_macro   0x000104aa      0x11e ./system/src/stm32f4-hal/stm32f4xx_hal.o
 .debug_macro   0x000105c8      0x4e4 ./system/src/stm32f4-hal/stm32f4xx_hal_cortex.o
 .debug_macro   0x00010aac      0x50e ./system/src/stm32f4-hal/stm32f4xx_hal_rcc.o
 .debug_macro   0x00010fba      0x1b4 ./system/src/newlib/_exit.o
 .debug_macro   0x0001116e      0x10e ./system/src/newlib/_exit.o
 .debug_macro   0x0001127c       0x8d ./system/src/newlib/_exit.o
 .debug_macro   0x00011309       0x35 ./system/src/newlib/_exit.o
 .debug_macro   0x0001133e      0x169 ./system/src/newlib/_sbrk.o
 .debug_macro   0x000114a7      0x174 ./system/src/newlib/_sbrk.o
 .debug_macro   0x0001161b       0x10 ./system/src/newlib/_sbrk.o
 .debug_macro   0x0001162b      0x23b ./system/src/newlib/_sbrk.o
 .debug_macro   0x00011866      0x173 ./system/src/newlib/_startup.o
 .debug_macro   0x000119d9      0xa72 ./system/src/newlib/_startup.o
 .debug_macro   0x0001244b      0x217 ./system/src/newlib/_syscalls.o
 .debug_macro   0x00012662       0x1c ./system/src/newlib/_syscalls.o
 .debug_macro   0x0001267e       0x10 ./system/src/newlib/_syscalls.o
 .debug_macro   0x0001268e       0x10 ./system/src/newlib/_syscalls.o
 .debug_macro   0x0001269e       0x10 ./system/src/newlib/_syscalls.o
 .debug_macro   0x000126ae       0x35 ./system/src/newlib/_syscalls.o
 .debug_macro   0x000126e3      0x122 ./system/src/newlib/_syscalls.o
 .debug_macro   0x00012805       0x88 ./system/src/newlib/_syscalls.o
 .debug_macro   0x0001288d       0x2b ./system/src/newlib/_syscalls.o
 .debug_macro   0x000128b8      0x118 ./system/src/newlib/_syscalls.o
 .debug_macro   0x000129d0      0x189 ./system/src/newlib/_syscalls.o
 .debug_macro   0x00012b59       0x16 ./system/src/newlib/_syscalls.o
 .debug_macro   0x00012b6f      0x1d0 ./system/src/newlib/assert.o
 .debug_macro   0x00012d3f       0x1c ./system/src/newlib/assert.o
 .debug_macro   0x00012d5b      0x1fb ./system/src/diag/Trace.o
 .debug_macro   0x00012f56       0x4c ./system/src/diag/Trace.o
 .debug_macro   0x00012fa2       0x16 ./system/src/diag/Trace.o
 .debug_macro   0x00012fb8      0x52a ./system/src/diag/trace_impl.o
 .debug_macro   0x000134e2       0x22 ./system/src/diag/trace_impl.o
 .debug_macro   0x00013504      0x4ee ./system/src/cortexm/_initialize_hardware.o
 .debug_macro   0x000139f2      0x557 ./system/src/cortexm/exception_handlers.o
 .debug_macro   0x00013f49       0x3b ./system/src/cortexm/exception_handlers.o
 .debug_macro   0x00013f84      0x4ea ./system/src/cmsis/system_stm32f4xx.o
 .debug_macro   0x0001446e       0x34 ./system/src/cmsis/vectors_stm32f401xc.o
 .debug_macro   0x000144a2       0x36 ./src/ADC_program.o
 .debug_macro   0x000144d8       0x10 ./src/ADC_program.o
 .debug_macro   0x000144e8       0x64 ./src/ADC_program.o
 .debug_macro   0x0001454c       0x46 ./src/ADC_program.o
 .debug_macro   0x00014592       0x47 ./src/GPIO_program.o
 .debug_macro   0x000145d9       0x58 ./src/GPIO_program.o
 .debug_macro   0x00014631      0x14f ./src/GPIO_program.o
 .debug_macro   0x00014780       0x52 ./src/LCD_program.o
 .debug_macro   0x000147d2       0x22 ./src/LCD_program.o
 .debug_macro   0x000147f4       0x6a ./src/LCD_program.o
 .debug_macro   0x0001485e      0x103 ./src/NVIC_PROGRAM.o
 .debug_macro   0x00014961       0x34 ./src/NVIC_PROGRAM.o
 .debug_macro   0x00014995       0x4c ./src/NVIC_PROGRAM.o
 .debug_macro   0x000149e1       0x10 ./src/NVIC_PROGRAM.o
 .debug_macro   0x000149f1      0x15a ./src/NVIC_PROGRAM.o
 .debug_macro   0x00014b4b      0x1e1 ./src/NVIC_PROGRAM.o
 .debug_macro   0x00014d2c       0x3e ./src/RCC_program.o
 .debug_macro   0x00014d6a      0x148 ./src/RCC_program.o
 .debug_macro   0x00014eb2       0x2e ./src/RCC_program.o
 .debug_macro   0x00014ee0       0xe8 ./src/RCC_program.o
 .debug_macro   0x00014fc8       0x3f ./src/SYSTICK_program.o
 .debug_macro   0x00015007       0x5e ./src/SYSTICK_program.o
 .debug_macro   0x00015065       0x16 ./src/SYSTICK_program.o
 .debug_macro   0x0001507b       0x36 ./src/Timer2_program.o
 .debug_macro   0x000150b1       0x52 ./src/Timer2_program.o
 .debug_macro   0x00015103       0x40 ./src/Timer5_program.o
 .debug_macro   0x00015143       0x58 ./src/Timer5_program.o
 .debug_macro   0x0001519b       0x3f ./src/UART_program.o
 .debug_macro   0x000151da       0x94 ./src/UART_program.o
 .debug_macro   0x0001526e       0x1c ./src/UART_program.o
 .debug_macro   0x0001528a      0x4e4 ./src/_initialize_hardware.o
 .debug_macro   0x0001576e       0x70 ./src/main.o
 .debug_macro   0x000157de      0x4e4 ./src/stm32f4xx_hal_msp.o
